 InputControlTest

 Timestamp is 45868da9 (Mon Dec 18 20:46:33 2006)

 Preferred load address is 00400000

 Start         Length     Name                   Class
 0001:00000000 00003ae8H .text                   CODE
 0001:00003af0 00000490H .text$x                 CODE
 0002:00000000 0000087cH .rdata                  DATA
 0002:00000880 000003d0H .xdata$x                DATA
 0002:00000c50 00000000H .edata                  DATA
 0003:00000000 00000004H .CRT$XCA                DATA
 0003:00000004 00000004H .CRT$XCL                DATA
 0003:00000008 00000004H .CRT$XCU                DATA
 0003:0000000c 00000004H .CRT$XCZ                DATA
 0003:00000010 00000004H .CRT$XIA                DATA
 0003:00000014 00000004H .CRT$XIZ                DATA
 0003:00000020 00000181H .data                   DATA
 0003:000001a8 00000110H .bss                    DATA
 0004:00000000 00000064H .idata$2                DATA
 0004:00000064 00000014H .idata$3                DATA
 0004:00000078 00000418H .idata$4                DATA
 0004:00000490 00000418H .idata$5                DATA
 0004:000008a8 000003b6H .idata$6                DATA
 0005:00000000 00000598H .rsrc$01                DATA
 0005:000005a0 00001a18H .rsrc$02                DATA

  Address         Publics by Value              Rva+Base     Lib:Object

 0001:00000000       ?_GetBaseMessageMap@CInputControlTestApp@@KGPBUAFX_MSGMAP@@XZ 00401000 f   InputControlTest.obj
 0001:00000030       ?GetMessageMap@CInputControlTestApp@@MBEPBUAFX_MSGMAP@@XZ 00401030 f   InputControlTest.obj
 0001:00000060       ??0CInputControlTestApp@@QAE@XZ 00401060 f   InputControlTest.obj
 0001:000000b0       ??_ECInputControlTestApp@@UAEPAXI@Z 004010b0 f i InputControlTest.obj
 0001:000000b0       ??_GCInputControlTestApp@@UAEPAXI@Z 004010b0 f i InputControlTest.obj
 0001:00000100       ??1CInputControlTestApp@@UAE@XZ 00401100 f i InputControlTest.obj
 0001:00000240       ?InitInstance@CInputControlTestApp@@UAEHXZ 00401240 f   InputControlTest.obj
 0001:000003b0       ??0CAboutDlg@@QAE@XZ       004013b0 f   InputControlTest.obj
 0001:00000400       ??_GCAboutDlg@@UAEPAXI@Z   00401400 f i InputControlTest.obj
 0001:00000400       ??_ECAboutDlg@@UAEPAXI@Z   00401400 f i InputControlTest.obj
 0001:00000450       ??1CAboutDlg@@UAE@XZ       00401450 f i InputControlTest.obj
 0001:00000490       ?DoDataExchange@CAboutDlg@@MAEXPAVCDataExchange@@@Z 00401490 f   InputControlTest.obj
 0001:000004d0       ?_GetBaseMessageMap@CAboutDlg@@KGPBUAFX_MSGMAP@@XZ 004014d0 f   InputControlTest.obj
 0001:00000500       ?GetMessageMap@CAboutDlg@@MBEPBUAFX_MSGMAP@@XZ 00401500 f   InputControlTest.obj
 0001:00000530       ?OnAppAbout@CInputControlTestApp@@QAEXXZ 00401530 f   InputControlTest.obj
 0001:000005b0       ?CreateObject@CInputControlTestDoc@@SGPAVCObject@@XZ 004015b0 f   InputControlTestDoc.obj
 0001:00000640       ?_GetBaseClass@CInputControlTestDoc@@KGPAUCRuntimeClass@@XZ 00401640 f   InputControlTestDoc.obj
 0001:00000670       ?GetRuntimeClass@CInputControlTestDoc@@UBEPAUCRuntimeClass@@XZ 00401670 f   InputControlTestDoc.obj
 0001:000006a0       ?_GetBaseMessageMap@CInputControlTestDoc@@KGPBUAFX_MSGMAP@@XZ 004016a0 f   InputControlTestDoc.obj
 0001:000006d0       ?GetMessageMap@CInputControlTestDoc@@MBEPBUAFX_MSGMAP@@XZ 004016d0 f   InputControlTestDoc.obj
 0001:00000700       ??0CInputControlTestDoc@@IAE@XZ 00401700 f   InputControlTestDoc.obj
 0001:00000750       ??_ECInputControlTestDoc@@UAEPAXI@Z 00401750 f i InputControlTestDoc.obj
 0001:00000750       ??_GCInputControlTestDoc@@UAEPAXI@Z 00401750 f i InputControlTestDoc.obj
 0001:000007a0       ??1CInputControlTestDoc@@UAE@XZ 004017a0 f   InputControlTestDoc.obj
 0001:000007e0       ?OnNewDocument@CInputControlTestDoc@@UAEHXZ 004017e0 f   InputControlTestDoc.obj
 0001:00000830       ?Serialize@CInputControlTestDoc@@UAEXAAVCArchive@@@Z 00401830 f   InputControlTestDoc.obj
 0001:00000870       ?AssertValid@CInputControlTestDoc@@UBEXXZ 00401870 f   InputControlTestDoc.obj
 0001:000008b0       ?Dump@CInputControlTestDoc@@UBEXAAVCDumpContext@@@Z 004018b0 f   InputControlTestDoc.obj
 0001:000008f0       ?CreateObject@CInputControlTestView@@SGPAVCObject@@XZ 004018f0 f   InputControlTestView.obj
 0001:00000980       ?_GetBaseClass@CInputControlTestView@@KGPAUCRuntimeClass@@XZ 00401980 f   InputControlTestView.obj
 0001:000009b0       ?GetRuntimeClass@CInputControlTestView@@UBEPAUCRuntimeClass@@XZ 004019b0 f   InputControlTestView.obj
 0001:000009e0       ?_GetBaseMessageMap@CInputControlTestView@@KGPBUAFX_MSGMAP@@XZ 004019e0 f   InputControlTestView.obj
 0001:00000a10       ?GetMessageMap@CInputControlTestView@@MBEPBUAFX_MSGMAP@@XZ 00401a10 f   InputControlTestView.obj
 0001:00000a40       ??0CInputControlTestView@@IAE@XZ 00401a40 f   InputControlTestView.obj
 0001:00000a90       ??_GCInputControlTestView@@UAEPAXI@Z 00401a90 f i InputControlTestView.obj
 0001:00000a90       ??_ECInputControlTestView@@UAEPAXI@Z 00401a90 f i InputControlTestView.obj
 0001:00000ae0       ??1CInputControlTestView@@UAE@XZ 00401ae0 f   InputControlTestView.obj
 0001:00000b20       ?PreCreateWindow@CInputControlTestView@@UAEHAAUtagCREATESTRUCTA@@@Z 00401b20 f   InputControlTestView.obj
 0001:00000b60       ?OnDraw@CInputControlTestView@@UAEXPAVCDC@@@Z 00401b60 f   InputControlTestView.obj
 0001:00000c10       ?OnPreparePrinting@CInputControlTestView@@MAEHPAUCPrintInfo@@@Z 00401c10 f   InputControlTestView.obj
 0001:00000c50       ?OnBeginPrinting@CInputControlTestView@@MAEXPAVCDC@@PAUCPrintInfo@@@Z 00401c50 f   InputControlTestView.obj
 0001:00000c80       ?OnEndPrinting@CInputControlTestView@@MAEXPAVCDC@@PAUCPrintInfo@@@Z 00401c80 f   InputControlTestView.obj
 0001:00000cb0       ?AssertValid@CInputControlTestView@@UBEXXZ 00401cb0 f   InputControlTestView.obj
 0001:00000cf0       ?Dump@CInputControlTestView@@UBEXAAVCDumpContext@@@Z 00401cf0 f   InputControlTestView.obj
 0001:00000d30       ?GetDocument@CInputControlTestView@@QAEPAVCInputControlTestDoc@@XZ 00401d30 f   InputControlTestView.obj
 0001:00000da0       ?OnKeyDown@CInputControlTestView@@IAEXIII@Z 00401da0 f   InputControlTestView.obj
 0001:00000ea0       ?OnMouseWheel@CInputControlTestView@@IAEHIFVCPoint@@@Z 00401ea0 f   InputControlTestView.obj
 0001:00000f90       ??0CListSelector@@QAE@XZ   00401f90 f   ListSelector.obj
 0001:00001040       ??_ECListSelector@@UAEPAXI@Z 00402040 f i ListSelector.obj
 0001:00001040       ??_GCListSelector@@UAEPAXI@Z 00402040 f i ListSelector.obj
 0001:000010a0       ??1CListSelector@@UAE@XZ   004020a0 f   ListSelector.obj
 0001:00001130       ?draw@CListSelector@@QAEXAAVCClientDC@@HHHH@Z 00402130 f   ListSelector.obj
 0001:000013b0       ?addItem@CListSelector@@QAEXAAVCSelectorItem@@@Z 004023b0 f   ListSelector.obj
 0001:00001400       ?addItem@CListSelector@@QAEXV?$basic_string@DU?$char_traits@D@std@@V?$allocator@D@2@@std@@0@Z 00402400 f   ListSelector.obj
 0001:00001560       ?getSampleSelector@CListSelector@@SAPAV1@XZ 00402560 f   ListSelector.obj
 0001:00001e20       ?focusNext@CListSelector@@QAEXXZ 00402e20 f   ListSelector.obj
 0001:00001eb0       ?focusPrev@CListSelector@@QAEXXZ 00402eb0 f   ListSelector.obj
 0001:00001f40       ?getItemCount@CListSelector@@QAEHXZ 00402f40 f   ListSelector.obj
 0001:00001f70       ??0?$vector@VCSelectorItem@@V?$allocator@VCSelectorItem@@@std@@@std@@QAE@ABV?$allocator@VCSelectorItem@@@1@@Z 00402f70 f i ListSelector.obj
 0001:00001fd0       ??1?$vector@VCSelectorItem@@V?$allocator@VCSelectorItem@@@std@@@std@@QAE@XZ 00402fd0 f i ListSelector.obj
 0001:00002060       ?size@?$vector@VCSelectorItem@@V?$allocator@VCSelectorItem@@@std@@@std@@QBEIXZ 00403060 f i ListSelector.obj
 0001:000020b0       ??A?$vector@VCSelectorItem@@V?$allocator@VCSelectorItem@@@std@@@std@@QAEAAVCSelectorItem@@I@Z 004030b0 f i ListSelector.obj
 0001:000020f0       ?push_back@?$vector@VCSelectorItem@@V?$allocator@VCSelectorItem@@@std@@@std@@QAEXABVCSelectorItem@@@Z 004030f0 f i ListSelector.obj
 0001:00002140       ??0iterator@?$list@VCSelectorItem@@V?$allocator@VCSelectorItem@@@std@@@std@@QAE@XZ 00403140 f i ListSelector.obj
 0001:00002180       ?begin@?$vector@VCSelectorItem@@V?$allocator@VCSelectorItem@@@std@@@std@@QAEPAVCSelectorItem@@XZ 00403180 f i ListSelector.obj
 0001:000021b0       ?end@?$vector@VCSelectorItem@@V?$allocator@VCSelectorItem@@@std@@@std@@QAEPAVCSelectorItem@@XZ 004031b0 f i ListSelector.obj
 0001:000021e0       ?insert@?$vector@VCSelectorItem@@V?$allocator@VCSelectorItem@@@std@@@std@@QAEPAVCSelectorItem@@PAV3@ABV3@@Z 004031e0 f i ListSelector.obj
 0001:00002250       ?_Destroy@?$vector@VCSelectorItem@@V?$allocator@VCSelectorItem@@@std@@@std@@IAEXPAVCSelectorItem@@0@Z 00403250 f i ListSelector.obj
 0001:000022b0       ?deallocate@?$allocator@VCSelectorItem@@@std@@QAEXPAXI@Z 004032b0 f i ListSelector.obj
 0001:000022f0       ??0const_iterator@?$list@VCSelectorItem@@V?$allocator@VCSelectorItem@@@std@@@std@@QAE@XZ 004032f0 f i ListSelector.obj
 0001:00002320       ?insert@?$vector@VCSelectorItem@@V?$allocator@VCSelectorItem@@@std@@@std@@QAEXPAVCSelectorItem@@IABV3@@Z 00403320 f i ListSelector.obj
 0001:00002580       ?destroy@?$allocator@VCSelectorItem@@@std@@QAEXPAVCSelectorItem@@@Z 00403580 f i ListSelector.obj
 0001:000025c0       ?_Ucopy@?$vector@VCSelectorItem@@V?$allocator@VCSelectorItem@@@std@@@std@@IAEPAVCSelectorItem@@PBV3@0PAV3@@Z 004035c0 f i ListSelector.obj
 0001:00002630       ?_Ufill@?$vector@VCSelectorItem@@V?$allocator@VCSelectorItem@@@std@@@std@@IAEXPAVCSelectorItem@@IABV3@@Z 00403630 f i ListSelector.obj
 0001:00002690       ?allocate@?$allocator@VCSelectorItem@@@std@@QAEPAVCSelectorItem@@IPBX@Z 00403690 f i ListSelector.obj
 0001:000026d0       ?construct@?$allocator@VCSelectorItem@@@std@@QAEXPAVCSelectorItem@@ABV3@@Z 004036d0 f i ListSelector.obj
 0001:00002710       ?fill@std@@YAXPAVCSelectorItem@@0ABV2@@Z 00403710 f i ListSelector.obj
 0001:00002760       ?copy_backward@std@@YAPAVCSelectorItem@@PAV2@00@Z 00403760 f i ListSelector.obj
 0001:000027c0       ?_Destroy@std@@YAXPAVCSelectorItem@@@Z 004037c0 f i ListSelector.obj
 0001:00002800       ?_Allocate@std@@YAPAVCSelectorItem@@HPAV2@@Z 00403800 f i ListSelector.obj
 0001:00002850       ?_Construct@std@@YAXPAVCSelectorItem@@ABV2@@Z 00403850 f i ListSelector.obj
 0001:000028e0       ??2@YAPAXIPAX@Z            004038e0 f i ListSelector.obj
 0001:00002910       ??3@YAXPAX0@Z              00403910 f i ListSelector.obj
 0001:00002930       ??4CSelectorItem@@QAEAAV0@ABV0@@Z 00403930 f i ListSelector.obj
 0001:000029b0       ??0CSelectorItem@@QAE@ABV0@@Z 004039b0 f i ListSelector.obj
 0001:00002a60       ??_GCSelectorItem@@UAEPAXI@Z 00403a60 f i ListSelector.obj
 0001:00002a60       ??_ECSelectorItem@@UAEPAXI@Z 00403a60 f i ListSelector.obj
 0001:00002ac0       ?CreateObject@CMainFrame@@SGPAVCObject@@XZ 00403ac0 f   MainFrm.obj
 0001:00002b50       ?_GetBaseClass@CMainFrame@@KGPAUCRuntimeClass@@XZ 00403b50 f   MainFrm.obj
 0001:00002b80       ?GetRuntimeClass@CMainFrame@@UBEPAUCRuntimeClass@@XZ 00403b80 f   MainFrm.obj
 0001:00002bb0       ?_GetBaseMessageMap@CMainFrame@@KGPBUAFX_MSGMAP@@XZ 00403bb0 f   MainFrm.obj
 0001:00002be0       ?GetMessageMap@CMainFrame@@MBEPBUAFX_MSGMAP@@XZ 00403be0 f   MainFrm.obj
 0001:00002c10       ??0CMainFrame@@IAE@XZ      00403c10 f   MainFrm.obj
 0001:00002ca0       ??_ECMainFrame@@UAEPAXI@Z  00403ca0 f i MainFrm.obj
 0001:00002ca0       ??_GCMainFrame@@UAEPAXI@Z  00403ca0 f i MainFrm.obj
 0001:00002cf0       ??1CMainFrame@@UAE@XZ      00403cf0 f   MainFrm.obj
 0001:00002d80       ?OnCreate@CMainFrame@@IAEHPAUtagCREATESTRUCTA@@@Z 00403d80 f   MainFrm.obj
 0001:00002ee0       ?PreCreateWindow@CMainFrame@@UAEHAAUtagCREATESTRUCTA@@@Z 00403ee0 f   MainFrm.obj
 0001:00002f30       ?AssertValid@CMainFrame@@UBEXXZ 00403f30 f   MainFrm.obj
 0001:00002f70       ?Dump@CMainFrame@@UBEXAAVCDumpContext@@@Z 00403f70 f   MainFrm.obj
 0001:00002fb0       ??0CSelectorItem@@QAE@HV?$basic_string@DU?$char_traits@D@std@@V?$allocator@D@2@@std@@0@Z 00403fb0 f   SelectorItem.obj
 0001:000030c0       ??1CSelectorItem@@UAE@XZ   004040c0 f   SelectorItem.obj
 0001:00003150       ?getDescribe@CSelectorItem@@QAEAAV?$basic_string@DU?$char_traits@D@std@@V?$allocator@D@2@@std@@XZ 00404150 f   SelectorItem.obj
 0001:00003180       ?getValue@CSelectorItem@@QAEAAV?$basic_string@DU?$char_traits@D@std@@V?$allocator@D@2@@std@@XZ 00404180 f   SelectorItem.obj
 0001:000031b0       ?getIndex@CSelectorItem@@QBEHXZ 004041b0 f   SelectorItem.obj
 0001:000031da       ?OnFilePrintSetup@CWinApp@@IAEXXZ 004041da f   mfc42d:MFC42D.DLL
 0001:000031e0       ?OnFileOpen@CWinApp@@IAEXXZ 004041e0 f   mfc42d:MFC42D.DLL
 0001:000031e6       ?OnFileNew@CWinApp@@IAEXXZ 004041e6 f   mfc42d:MFC42D.DLL
 0001:000031ec       ?WinHelpA@CWinApp@@UAEXKI@Z 004041ec f   mfc42d:MFC42D.DLL
 0001:000031f2       ?OnDDECommand@CWinApp@@UAEHPAD@Z 004041f2 f   mfc42d:MFC42D.DLL
 0001:000031f8       ?DoWaitCursor@CWinApp@@UAEXH@Z 004041f8 f   mfc42d:MFC42D.DLL
 0001:000031fe       ?DoMessageBox@CWinApp@@UAEHPBDII@Z 004041fe f   mfc42d:MFC42D.DLL
 0001:00003204       ?SaveAllModified@CWinApp@@UAEHXZ 00404204 f   mfc42d:MFC42D.DLL
 0001:0000320a       ?InitApplication@CWinApp@@UAEHXZ 0040420a f   mfc42d:MFC42D.DLL
 0001:00003210       ?AddToRecentFileList@CWinApp@@UAEXPBD@Z 00404210 f   mfc42d:MFC42D.DLL
 0001:00003216       ?OpenDocumentFile@CWinApp@@UAEPAVCDocument@@PBD@Z 00404216 f   mfc42d:MFC42D.DLL
 0001:0000321c       ?Delete@CWinThread@@UAEXXZ 0040421c f   mfc42d:MFC42D.DLL
 0001:00003222       ?GetMainWnd@CWinThread@@UAEPAVCWnd@@XZ 00404222 f   mfc42d:MFC42D.DLL
 0001:00003228       ?ProcessMessageFilter@CWinThread@@UAEHHPAUtagMSG@@@Z 00404228 f   mfc42d:MFC42D.DLL
 0001:0000322e       ?ProcessWndProcException@CWinApp@@UAEJPAVCException@@PBUtagMSG@@@Z 0040422e f   mfc42d:MFC42D.DLL
 0001:00003234       ?ExitInstance@CWinApp@@UAEHXZ 00404234 f   mfc42d:MFC42D.DLL
 0001:0000323a       ?IsIdleMessage@CWinThread@@UAEHPAUtagMSG@@@Z 0040423a f   mfc42d:MFC42D.DLL
 0001:00003240       ?OnIdle@CWinApp@@UAEHJ@Z   00404240 f   mfc42d:MFC42D.DLL
 0001:00003246       ?PumpMessage@CWinThread@@UAEHXZ 00404246 f   mfc42d:MFC42D.DLL
 0001:0000324c       ?PreTranslateMessage@CWinThread@@UAEHPAUtagMSG@@@Z 0040424c f   mfc42d:MFC42D.DLL
 0001:00003252       ?Run@CWinApp@@UAEHXZ       00404252 f   mfc42d:MFC42D.DLL
 0001:00003258       ?GetConnectionHook@CCmdTarget@@MAEPAUIConnectionPoint@@ABU_GUID@@@Z 00404258 f   mfc42d:MFC42D.DLL
 0001:0000325e       ?GetExtraConnectionPoints@CCmdTarget@@MAEHPAVCPtrArray@@@Z 0040425e f   mfc42d:MFC42D.DLL
 0001:00003264       ?GetInterfaceHook@CCmdTarget@@UAEPAUIUnknown@@PBX@Z 00404264 f   mfc42d:MFC42D.DLL
 0001:0000326a       ?OnCreateAggregates@CCmdTarget@@UAEHXZ 0040426a f   mfc42d:MFC42D.DLL
 0001:00003270       ?GetEventSinkMap@CCmdTarget@@MBEPBUAFX_EVENTSINKMAP@@XZ 00404270 f   mfc42d:MFC42D.DLL
 0001:00003276       ?GetInterfaceMap@CCmdTarget@@MBEPBUAFX_INTERFACEMAP@@XZ 00404276 f   mfc42d:MFC42D.DLL
 0001:0000327c       ?GetConnectionMap@CCmdTarget@@MBEPBUAFX_CONNECTIONMAP@@XZ 0040427c f   mfc42d:MFC42D.DLL
 0001:00003282       ?GetDispatchMap@CCmdTarget@@MBEPBUAFX_DISPMAP@@XZ 00404282 f   mfc42d:MFC42D.DLL
 0001:00003288       ?GetCommandMap@CCmdTarget@@MBEPBUAFX_OLECMDMAP@@XZ 00404288 f   mfc42d:MFC42D.DLL
 0001:0000328e       ?GetTypeLib@CCmdTarget@@UAEJKPAPAUITypeLib@@@Z 0040428e f   mfc42d:MFC42D.DLL
 0001:00003294       ?GetTypeLibCache@CCmdTarget@@UAEPAVCTypeLibCache@@XZ 00404294 f   mfc42d:MFC42D.DLL
 0001:0000329a       ?GetTypeInfoCount@CCmdTarget@@UAEIXZ 0040429a f   mfc42d:MFC42D.DLL
 0001:000032a0       ?GetDispatchIID@CCmdTarget@@UAEHPAU_GUID@@@Z 004042a0 f   mfc42d:MFC42D.DLL
 0001:000032a6       ?IsInvokeAllowed@CCmdTarget@@UAEHJ@Z 004042a6 f   mfc42d:MFC42D.DLL
 0001:000032ac       ?OnFinalRelease@CCmdTarget@@UAEXXZ 004042ac f   mfc42d:MFC42D.DLL
 0001:000032b2       ?OnCmdMsg@CCmdTarget@@UAEHIHPAXPAUAFX_CMDHANDLERINFO@@@Z 004042b2 f   mfc42d:MFC42D.DLL
 0001:000032b8       ?Dump@CWinApp@@UBEXAAVCDumpContext@@@Z 004042b8 f   mfc42d:MFC42D.DLL
 0001:000032be       ?AssertValid@CWinApp@@UBEXXZ 004042be f   mfc42d:MFC42D.DLL
 0001:000032c4       ?Serialize@CObject@@UAEXAAVCArchive@@@Z 004042c4 f   mfc42d:MFC42D.DLL
 0001:000032ca       ?GetRuntimeClass@CWinApp@@UBEPAUCRuntimeClass@@XZ 004042ca f   mfc42d:MFC42D.DLL
 0001:000032d0       ??0CWinApp@@QAE@PBD@Z      004042d0 f   mfc42d:MFC42D.DLL
 0001:000032d6       ??3CObject@@SGXPAX@Z       004042d6 f   mfc42d:MFC42D.DLL
 0001:000032dc       ??1CWinApp@@UAE@XZ         004042dc f   mfc42d:MFC42D.DLL
 0001:000032e2       ??3CObject@@SGXPAXPBDH@Z   004042e2 f   mfc42d:MFC42D.DLL
 0001:000032e8       ?UpdateWindow@CWnd@@QAEXXZ 004042e8 f   mfc42d:MFC42D.DLL
 0001:000032ee       ?ShowWindow@CWnd@@QAEHH@Z  004042ee f   mfc42d:MFC42D.DLL
 0001:000032f4       ??1CCommandLineInfo@@UAE@XZ 004042f4 f   mfc42d:MFC42D.DLL
 0001:000032fa       ?ProcessShellCommand@CWinApp@@QAEHAAVCCommandLineInfo@@@Z 004042fa f   mfc42d:MFC42D.DLL
 0001:00003300       ?ParseCommandLine@CWinApp@@QAEXAAVCCommandLineInfo@@@Z 00404300 f   mfc42d:MFC42D.DLL
 0001:00003306       ??0CCommandLineInfo@@QAE@XZ 00404306 f   mfc42d:MFC42D.DLL
 0001:0000330c       ?AddDocTemplate@CWinApp@@QAEXPAVCDocTemplate@@@Z 0040430c f   mfc42d:MFC42D.DLL
 0001:00003312       ??0CSingleDocTemplate@@QAE@IPAUCRuntimeClass@@00@Z 00404312 f   mfc42d:MFC42D.DLL
 0001:00003318       ??2CObject@@SGPAXIPBDH@Z   00404318 f   mfc42d:MFC42D.DLL
 0001:0000331e       ?LoadStdProfileSettings@CWinApp@@IAEXI@Z 0040431e f   mfc42d:MFC42D.DLL
 0001:00003324       ?SetRegistryKey@CWinApp@@IAEXPBD@Z 00404324 f   mfc42d:MFC42D.DLL
 0001:0000332a       ?Enable3dControls@CWinApp@@IAEHXZ 0040432a f   mfc42d:MFC42D.DLL
 0001:00003330       ?PreInitDialog@CDialog@@MAEXXZ 00404330 f   mfc42d:MFC42D.DLL
 0001:00003336       ?OnCancel@CDialog@@MAEXXZ  00404336 f   mfc42d:MFC42D.DLL
 0001:0000333c       ?OnOK@CDialog@@MAEXXZ      0040433c f   mfc42d:MFC42D.DLL
 0001:00003342       ?OnSetFont@CDialog@@UAEXPAVCFont@@@Z 00404342 f   mfc42d:MFC42D.DLL
 0001:00003348       ?OnInitDialog@CDialog@@UAEHXZ 00404348 f   mfc42d:MFC42D.DLL
 0001:0000334e       ?DoModal@CDialog@@UAEHXZ   0040434e f   mfc42d:MFC42D.DLL
 0001:00003354       ?SetOccDialogInfo@CDialog@@MAEHPAU_AFX_OCC_DIALOG_INFO@@@Z 00404354 f   mfc42d:MFC42D.DLL
 0001:0000335a       ?IsFrameWnd@CWnd@@UBEHXZ   0040435a f   mfc42d:MFC42D.DLL
 0001:00003360       ?CheckAutoCenter@CDialog@@UAEHXZ 00404360 f   mfc42d:MFC42D.DLL
 0001:00003366       ?OnChildNotify@CWnd@@MAEHIIJPAJ@Z 00404366 f   mfc42d:MFC42D.DLL
 0001:0000336c       ?PostNcDestroy@CWnd@@MAEXXZ 0040436c f   mfc42d:MFC42D.DLL
 0001:00003372       ?DefWindowProcA@CWnd@@MAEJIIJ@Z 00404372 f   mfc42d:MFC42D.DLL
 0001:00003378       ?OnWndMsg@CWnd@@MAEHIIJPAJ@Z 00404378 f   mfc42d:MFC42D.DLL
 0001:0000337e       ?WindowProc@CWnd@@MAEJIIJ@Z 0040437e f   mfc42d:MFC42D.DLL
 0001:00003384       ?OnAmbientProperty@CWnd@@UAEHPAVCOleControlSite@@JPAUtagVARIANT@@@Z 00404384 f   mfc42d:MFC42D.DLL
 0001:0000338a       ?PreTranslateMessage@CDialog@@UAEHPAUtagMSG@@@Z 0040438a f   mfc42d:MFC42D.DLL
 0001:00003390       ?EndModalState@CWnd@@UAEXXZ 00404390 f   mfc42d:MFC42D.DLL
 0001:00003396       ?BeginModalState@CWnd@@UAEXXZ 00404396 f   mfc42d:MFC42D.DLL
 0001:0000339c       ?GetSuperWndProcAddr@CWnd@@MAEPAP6GJPAUHWND__@@IIJ@ZXZ 0040439c f   mfc42d:MFC42D.DLL
 0001:000033a2       ?OnNotify@CWnd@@MAEHIJPAJ@Z 004043a2 f   mfc42d:MFC42D.DLL
 0001:000033a8       ?OnCommand@CWnd@@MAEHIJ@Z  004043a8 f   mfc42d:MFC42D.DLL
 0001:000033ae       ?EndModalLoop@CWnd@@UAEXH@Z 004043ae f   mfc42d:MFC42D.DLL
 0001:000033b4       ?ContinueModal@CWnd@@UAEHXZ 004043b4 f   mfc42d:MFC42D.DLL
 0001:000033ba       ?WinHelpA@CWnd@@UAEXKI@Z   004043ba f   mfc42d:MFC42D.DLL
 0001:000033c0       ?GetScrollBarCtrl@CWnd@@UBEPAVCScrollBar@@H@Z 004043c0 f   mfc42d:MFC42D.DLL
 0001:000033c6       ?OnToolHitTest@CWnd@@UBEHVCPoint@@PAUtagTOOLINFOA@@@Z 004043c6 f   mfc42d:MFC42D.DLL
 0001:000033cc       ?CalcWindowRect@CWnd@@UAEXPAUtagRECT@@I@Z 004043cc f   mfc42d:MFC42D.DLL
 0001:000033d2       ?PreCreateWindow@CWnd@@UAEHAAUtagCREATESTRUCTA@@@Z 004043d2 f   mfc42d:MFC42D.DLL
 0001:000033d8       ?DestroyWindow@CWnd@@UAEHXZ 004043d8 f   mfc42d:MFC42D.DLL
 0001:000033de       ?Create@CWnd@@UAEHPBD0KABUtagRECT@@PAV1@IPAUCCreateContext@@@Z 004043de f   mfc42d:MFC42D.DLL
 0001:000033e4       ?PreSubclassWindow@CWnd@@UAEXXZ 004043e4 f   mfc42d:MFC42D.DLL
 0001:000033ea       ?OnFinalRelease@CWnd@@UAEXXZ 004043ea f   mfc42d:MFC42D.DLL
 0001:000033f0       ?OnCmdMsg@CDialog@@UAEHIHPAXPAUAFX_CMDHANDLERINFO@@@Z 004043f0 f   mfc42d:MFC42D.DLL
 0001:000033f6       ?Dump@CDialog@@UBEXAAVCDumpContext@@@Z 004043f6 f   mfc42d:MFC42D.DLL
 0001:000033fc       ?AssertValid@CDialog@@UBEXXZ 004043fc f   mfc42d:MFC42D.DLL
 0001:00003402       ?GetRuntimeClass@CDialog@@UBEPAUCRuntimeClass@@XZ 00404402 f   mfc42d:MFC42D.DLL
 0001:00003408       ??0CDialog@@QAE@IPAVCWnd@@@Z 00404408 f   mfc42d:MFC42D.DLL
 0001:0000340e       ??1CDialog@@UAE@XZ         0040440e f   mfc42d:MFC42D.DLL
 0001:00003414       ?DoDataExchange@CWnd@@MAEXPAVCDataExchange@@@Z 00404414 f   mfc42d:MFC42D.DLL
 0001:0000341a       ?OnIdle@CDocument@@UAEXXZ  0040441a f   mfc42d:MFC42D.DLL
 0001:00003420       ?GetDefaultAccelerator@CDocument@@UAEPAUHACCEL__@@XZ 00404420 f   mfc42d:MFC42D.DLL
 0001:00003426       ?GetDefaultMenu@CDocument@@UAEPAUHMENU__@@XZ 00404426 f   mfc42d:MFC42D.DLL
 0001:0000342c       ?UpdateFrameCounts@CDocument@@UAEXXZ 0040442c f   mfc42d:MFC42D.DLL
 0001:00003432       ?DoFileSave@CDocument@@UAEHXZ 00404432 f   mfc42d:MFC42D.DLL
 0001:00003438       ?DoSave@CDocument@@UAEHPBDH@Z 00404438 f   mfc42d:MFC42D.DLL
 0001:0000343e       ?PreCloseFrame@CDocument@@UAEXPAVCFrameWnd@@@Z 0040443e f   mfc42d:MFC42D.DLL
 0001:00003444       ?SaveModified@CDocument@@UAEHXZ 00404444 f   mfc42d:MFC42D.DLL
 0001:0000344a       ?CanCloseFrame@CDocument@@UAEHPAVCFrameWnd@@@Z 0040444a f   mfc42d:MFC42D.DLL
 0001:00003450       ?ReleaseFile@CDocument@@UAEXPAVCFile@@H@Z 00404450 f   mfc42d:MFC42D.DLL
 0001:00003456       ?GetFile@CDocument@@UAEPAVCFile@@PBDIPAVCFileException@@@Z 00404456 f   mfc42d:MFC42D.DLL
 0001:0000345c       ?ReportSaveLoadException@CDocument@@UAEXPBDPAVCException@@HI@Z 0040445c f   mfc42d:MFC42D.DLL
 0001:00003462       ?OnCloseDocument@CDocument@@UAEXXZ 00404462 f   mfc42d:MFC42D.DLL
 0001:00003468       ?OnSaveDocument@CDocument@@UAEHPBD@Z 00404468 f   mfc42d:MFC42D.DLL
 0001:0000346e       ?OnOpenDocument@CDocument@@UAEHPBD@Z 0040446e f   mfc42d:MFC42D.DLL
 0001:00003474       ?DeleteContents@CDocument@@UAEXXZ 00404474 f   mfc42d:MFC42D.DLL
 0001:0000347a       ?OnChangedViewList@CDocument@@UAEXXZ 0040447a f   mfc42d:MFC42D.DLL
 0001:00003480       ?GetNextView@CDocument@@UBEPAVCView@@AAPAU__POSITION@@@Z 00404480 f   mfc42d:MFC42D.DLL
 0001:00003486       ?GetFirstViewPosition@CDocument@@UBEPAU__POSITION@@XZ 00404486 f   mfc42d:MFC42D.DLL
 0001:0000348c       ?SetModifiedFlag@CDocument@@UAEXH@Z 0040448c f   mfc42d:MFC42D.DLL
 0001:00003492       ?IsModified@CDocument@@UAEHXZ 00404492 f   mfc42d:MFC42D.DLL
 0001:00003498       ?SetPathName@CDocument@@UAEXPBDH@Z 00404498 f   mfc42d:MFC42D.DLL
 0001:0000349e       ?SetTitle@CDocument@@UAEXPBD@Z 0040449e f   mfc42d:MFC42D.DLL
 0001:000034a4       ?OnFinalRelease@CDocument@@UAEXXZ 004044a4 f   mfc42d:MFC42D.DLL
 0001:000034aa       ?OnCmdMsg@CDocument@@UAEHIHPAXPAUAFX_CMDHANDLERINFO@@@Z 004044aa f   mfc42d:MFC42D.DLL
 0001:000034b0       ??0CDocument@@QAE@XZ       004044b0 f   mfc42d:MFC42D.DLL
 0001:000034b6       ??1CDocument@@UAE@XZ       004044b6 f   mfc42d:MFC42D.DLL
 0001:000034bc       ?OnNewDocument@CDocument@@UAEHXZ 004044bc f   mfc42d:MFC42D.DLL
 0001:000034c2       ?IsStoring@CArchive@@QBEHXZ 004044c2 f   mfc42d:MFC42D.DLL
 0001:000034c8       ?AssertValid@CDocument@@UBEXXZ 004044c8 f   mfc42d:MFC42D.DLL
 0001:000034ce       ?Dump@CDocument@@UBEXAAVCDumpContext@@@Z 004044ce f   mfc42d:MFC42D.DLL
 0001:000034d4       ?OnFilePrintPreview@CView@@IAEXXZ 004044d4 f   mfc42d:MFC42D.DLL
 0001:000034da       ?OnFilePrint@CView@@IAEXXZ 004044da f   mfc42d:MFC42D.DLL
 0001:000034e0       ?OnEndPrintPreview@CView@@MAEXPAVCDC@@PAUCPrintInfo@@UtagPOINT@@PAVCPreviewView@@@Z 004044e0 f   mfc42d:MFC42D.DLL
 0001:000034e6       ?OnPrint@CView@@MAEXPAVCDC@@PAUCPrintInfo@@@Z 004044e6 f   mfc42d:MFC42D.DLL
 0001:000034ec       ?OnUpdate@CView@@MAEXPAV1@JPAVCObject@@@Z 004044ec f   mfc42d:MFC42D.DLL
 0001:000034f2       ?OnActivateFrame@CView@@MAEXIPAVCFrameWnd@@@Z 004044f2 f   mfc42d:MFC42D.DLL
 0001:000034f8       ?OnActivateView@CView@@MAEXHPAV1@0@Z 004044f8 f   mfc42d:MFC42D.DLL
 0001:000034fe       ?OnInitialUpdate@CView@@UAEXXZ 004044fe f   mfc42d:MFC42D.DLL
 0001:00003504       ?OnPrepareDC@CView@@UAEXPAVCDC@@PAUCPrintInfo@@@Z 00404504 f   mfc42d:MFC42D.DLL
 0001:0000350a       ?OnDragScroll@CView@@UAEKKVCPoint@@@Z 0040450a f   mfc42d:MFC42D.DLL
 0001:00003510       ?OnDropEx@CView@@UAEKPAVCOleDataObject@@KKVCPoint@@@Z 00404510 f   mfc42d:MFC42D.DLL
 0001:00003516       ?OnDrop@CView@@UAEHPAVCOleDataObject@@KVCPoint@@@Z 00404516 f   mfc42d:MFC42D.DLL
 0001:0000351c       ?OnDragLeave@CView@@UAEXXZ 0040451c f   mfc42d:MFC42D.DLL
 0001:00003522       ?OnDragOver@CView@@UAEKPAVCOleDataObject@@KVCPoint@@@Z 00404522 f   mfc42d:MFC42D.DLL
 0001:00003528       ?OnDragEnter@CView@@UAEKPAVCOleDataObject@@KVCPoint@@@Z 00404528 f   mfc42d:MFC42D.DLL
 0001:0000352e       ?OnScrollBy@CView@@UAEHVCSize@@H@Z 0040452e f   mfc42d:MFC42D.DLL
 0001:00003534       ?OnScroll@CView@@UAEHIIH@Z 00404534 f   mfc42d:MFC42D.DLL
 0001:0000353a       ?IsSelected@CView@@UBEHPBVCObject@@@Z 0040453a f   mfc42d:MFC42D.DLL
 0001:00003540       ?SetOccDialogInfo@CWnd@@MAEHPAU_AFX_OCC_DIALOG_INFO@@@Z 00404540 f   mfc42d:MFC42D.DLL
 0001:00003546       ?CheckAutoCenter@CWnd@@UAEHXZ 00404546 f   mfc42d:MFC42D.DLL
 0001:0000354c       ?PostNcDestroy@CView@@MAEXXZ 0040454c f   mfc42d:MFC42D.DLL
 0001:00003552       ?PreTranslateMessage@CWnd@@UAEHPAUtagMSG@@@Z 00404552 f   mfc42d:MFC42D.DLL
 0001:00003558       ?GetScrollBarCtrl@CView@@UBEPAVCScrollBar@@H@Z 00404558 f   mfc42d:MFC42D.DLL
 0001:0000355e       ?CalcWindowRect@CView@@UAEXPAUtagRECT@@I@Z 0040455e f   mfc42d:MFC42D.DLL
 0001:00003564       ?OnCmdMsg@CView@@UAEHIHPAXPAUAFX_CMDHANDLERINFO@@@Z 00404564 f   mfc42d:MFC42D.DLL
 0001:0000356a       ??0CView@@IAE@XZ           0040456a f   mfc42d:MFC42D.DLL
 0001:00003570       ??1CView@@UAE@XZ           00404570 f   mfc42d:MFC42D.DLL
 0001:00003576       ?PreCreateWindow@CView@@MAEHAAUtagCREATESTRUCTA@@@Z 00404576 f   mfc42d:MFC42D.DLL
 0001:0000357c       ??1CClientDC@@UAE@XZ       0040457c f   mfc42d:MFC42D.DLL
 0001:00003582       ?SetBkMode@CDC@@QAEHH@Z    00404582 f   mfc42d:MFC42D.DLL
 0001:00003588       ??0CClientDC@@QAE@PAVCWnd@@@Z 00404588 f   mfc42d:MFC42D.DLL
 0001:0000358e       ?AfxAssertValidObject@@YGXPBVCObject@@PBDH@Z 0040458e f   mfc42d:MFC42D.DLL
 0001:00003594       ?DoPreparePrinting@CView@@QAEHPAUCPrintInfo@@@Z 00404594 f   mfc42d:MFC42D.DLL
 0001:0000359a       ?AssertValid@CView@@UBEXXZ 0040459a f   mfc42d:MFC42D.DLL
 0001:000035a0       ?Dump@CView@@UBEXAAVCDumpContext@@@Z 004045a0 f   mfc42d:MFC42D.DLL
 0001:000035a6       ?AfxAssertFailedLine@@YGHPBDH@Z 004045a6 f   mfc42d:MFC42D.DLL
 0001:000035ac       ?IsKindOf@CObject@@QBEHPBUCRuntimeClass@@@Z 004045ac f   mfc42d:MFC42D.DLL
 0001:000035b2       ?OnKeyDown@CWnd@@IAEXIII@Z 004045b2 f   mfc42d:MFC42D.DLL
 0001:000035b8       ?Invalidate@CWnd@@QAEXH@Z  004045b8 f   mfc42d:MFC42D.DLL
 0001:000035be       ?OnMouseWheel@CWnd@@IAEHIFVCPoint@@@Z 004045be f   mfc42d:MFC42D.DLL
 0001:000035c4       ??3@YAXPAX@Z               004045c4 f   mfc42d:MFC42D.DLL
 0001:000035ca       ??1CString@@QAE@XZ         004045ca f   mfc42d:MFC42D.DLL
 0001:000035d0       ?DrawTextA@CDC@@QAEHABVCString@@PAUtagRECT@@I@Z 004045d0 f   mfc42d:MFC42D.DLL
 0001:000035d6       ??0CString@@QAE@PBD@Z      004045d6 f   mfc42d:MFC42D.DLL
 0001:000035dc       ?FillRect@CDC@@QAEXPBUtagRECT@@PAVCBrush@@@Z 004045dc f   mfc42d:MFC42D.DLL
 0001:000035e2       ?CreateSolidBrush@CBrush@@QAEHK@Z 004045e2 f   mfc42d:MFC42D.DLL
 0001:000035e8       ??0CBrush@@QAE@XZ          004045e8 f   mfc42d:MFC42D.DLL
 0001:000035ee       ?Rectangle@CDC@@QAEHPBUtagRECT@@@Z 004045ee f   mfc42d:MFC42D.DLL
 0001:000035f4       ??0CRect@@QAE@HHHH@Z       004045f4 f   mfc42d:MFC42D.DLL
 0001:000035fa       ??3@YAXPAXPBDH@Z           004045fa f   mfc42d:MFC42D.DLL
 0001:00003600       ??2@YAPAXIPBDH@Z           00404600 f   mfc42d:MFC42D.DLL
 0001:00003606       ??2@YAPAXI@Z               00404606 f   mfc42d:MFC42D.DLL
 0001:0000360c       ?ExitHelpMode@CFrameWnd@@UAEXXZ 0040460c f   mfc42d:MFC42D.DLL
 0001:00003612       ?DelayUpdateFrameMenu@CFrameWnd@@UAEXPAUHMENU__@@@Z 00404612 f   mfc42d:MFC42D.DLL
 0001:00003618       ?GetDefaultAccelerator@CFrameWnd@@UAEPAUHACCEL__@@XZ 00404618 f   mfc42d:MFC42D.DLL
 0001:0000361e       ?OnUpdateFrameMenu@CFrameWnd@@UAEXPAUHMENU__@@@Z 0040461e f   mfc42d:MFC42D.DLL
 0001:00003624       ?OnUpdateFrameTitle@CFrameWnd@@UAEXH@Z 00404624 f   mfc42d:MFC42D.DLL
 0001:0000362a       ?OnCreateClient@CFrameWnd@@MAEHPAUtagCREATESTRUCTA@@PAUCCreateContext@@@Z 0040462a f   mfc42d:MFC42D.DLL
 0001:00003630       ?NegotiateBorderSpace@CFrameWnd@@UAEHIPAUtagRECT@@@Z 00404630 f   mfc42d:MFC42D.DLL
 0001:00003636       ?GetMessageBar@CFrameWnd@@UAEPAVCWnd@@XZ 00404636 f   mfc42d:MFC42D.DLL
 0001:0000363c       ?OnSetPreviewMode@CFrameWnd@@UAEXHPAUCPrintPreviewState@@@Z 0040463c f   mfc42d:MFC42D.DLL
 0001:00003642       ?ActivateFrame@CFrameWnd@@UAEXH@Z 00404642 f   mfc42d:MFC42D.DLL
 0001:00003648       ?RecalcLayout@CFrameWnd@@UAEXH@Z 00404648 f   mfc42d:MFC42D.DLL
 0001:0000364e       ?GetMessageString@CFrameWnd@@UBEXIAAVCString@@@Z 0040464e f   mfc42d:MFC42D.DLL
 0001:00003654       ?GetActiveFrame@CFrameWnd@@UAEPAV1@XZ 00404654 f   mfc42d:MFC42D.DLL
 0001:0000365a       ?GetActiveDocument@CFrameWnd@@UAEPAVCDocument@@XZ 0040465a f   mfc42d:MFC42D.DLL
 0001:00003660       ?LoadFrame@CFrameWnd@@UAEHIKPAVCWnd@@PAUCCreateContext@@@Z 00404660 f   mfc42d:MFC42D.DLL
 0001:00003666       ?IsFrameWnd@CFrameWnd@@UBEHXZ 00404666 f   mfc42d:MFC42D.DLL
 0001:0000366c       ?PostNcDestroy@CFrameWnd@@MAEXXZ 0040466c f   mfc42d:MFC42D.DLL
 0001:00003672       ?PreTranslateMessage@CFrameWnd@@UAEHPAUtagMSG@@@Z 00404672 f   mfc42d:MFC42D.DLL
 0001:00003678       ?EndModalState@CFrameWnd@@UAEXXZ 00404678 f   mfc42d:MFC42D.DLL
 0001:0000367e       ?BeginModalState@CFrameWnd@@UAEXXZ 0040467e f   mfc42d:MFC42D.DLL
 0001:00003684       ?OnCommand@CFrameWnd@@MAEHIJ@Z 00404684 f   mfc42d:MFC42D.DLL
 0001:0000368a       ?OnCmdMsg@CFrameWnd@@UAEHIHPAXPAUAFX_CMDHANDLERINFO@@@Z 0040468a f   mfc42d:MFC42D.DLL
 0001:00003690       ??1CStatusBar@@UAE@XZ      00404690 f   mfc42d:MFC42D.DLL
 0001:00003696       ??1CFrameWnd@@UAE@XZ       00404696 f   mfc42d:MFC42D.DLL
 0001:0000369c       ??0CToolBar@@QAE@XZ        0040469c f   mfc42d:MFC42D.DLL
 0001:000036a2       ??0CStatusBar@@QAE@XZ      004046a2 f   mfc42d:MFC42D.DLL
 0001:000036a8       ??0CFrameWnd@@QAE@XZ       004046a8 f   mfc42d:MFC42D.DLL
 0001:000036ae       ??1CToolBar@@UAE@XZ        004046ae f   mfc42d:MFC42D.DLL
 0001:000036b4       ?DockControlBar@CFrameWnd@@QAEXPAVCControlBar@@IPBUtagRECT@@@Z 004046b4 f   mfc42d:MFC42D.DLL
 0001:000036ba       ?EnableDocking@CFrameWnd@@QAEXK@Z 004046ba f   mfc42d:MFC42D.DLL
 0001:000036c0       ?EnableDocking@CControlBar@@QAEXK@Z 004046c0 f   mfc42d:MFC42D.DLL
 0001:000036c6       ?SetIndicators@CStatusBar@@QAEHPBIH@Z 004046c6 f   mfc42d:MFC42D.DLL
 0001:000036cc       ?Create@CStatusBar@@QAEHPAVCWnd@@KI@Z 004046cc f   mfc42d:MFC42D.DLL
 0001:000036d2       ?AfxTrace@@YAXPBDZZ        004046d2 f   mfc42d:MFC42D.DLL
 0001:000036d8       ?LoadToolBar@CToolBar@@QAEHI@Z 004046d8 f   mfc42d:MFC42D.DLL
 0001:000036de       ?CreateEx@CToolBar@@QAEHPAVCWnd@@KKVCRect@@I@Z 004046de f   mfc42d:MFC42D.DLL
 0001:000036e4       ?OnCreate@CFrameWnd@@IAEHPAUtagCREATESTRUCTA@@@Z 004046e4 f   mfc42d:MFC42D.DLL
 0001:000036ea       ?PreCreateWindow@CFrameWnd@@MAEHAAUtagCREATESTRUCTA@@@Z 004046ea f   mfc42d:MFC42D.DLL
 0001:000036f0       ?AssertValid@CFrameWnd@@UBEXXZ 004046f0 f   mfc42d:MFC42D.DLL
 0001:000036f6       ?Dump@CFrameWnd@@UBEXAAVCDumpContext@@@Z 004046f6 f   mfc42d:MFC42D.DLL
 0001:000036fc       __chkesp                   004046fc f   msvcrtd:MSVCRTD.dll
 0001:00003710       __onexit                   00404710 f   msvcrtd:atonexit.obj
 0001:00003750       _atexit                    00404750 f   msvcrtd:atonexit.obj
 0001:00003768       ___CxxFrameHandler         00404768 f   msvcrtd:MSVCRTD.dll
 0001:00003770       _WinMainCRTStartup         00404770 f   msvcrtd:crtexew.obj
 0001:0000396a       ___dllonexit               0040496a f   msvcrtd:MSVCRTD.dll
 0001:00003970       __exit                     00404970 f   msvcrtd:MSVCRTD.dll
 0001:00003976       __XcptFilter               00404976 f   msvcrtd:MSVCRTD.dll
 0001:0000397c       _exit                      0040497c f   msvcrtd:MSVCRTD.dll
 0001:00003982       ___getmainargs             00404982 f   msvcrtd:MSVCRTD.dll
 0001:00003988       __initterm                 00404988 f   msvcrtd:MSVCRTD.dll
 0001:00003990       __setdefaultprecision      00404990 f   msvcrtd:fp8.obj
 0001:000039a8       ___setusermatherr          004049a8 f   msvcrtd:MSVCRTD.dll
 0001:000039b0       __matherr                  004049b0 f   msvcrtd:merr.obj
 0001:000039c0       __setargv                  004049c0 f   msvcrtd:dllargv.obj
 0001:000039c6       ___p__commode              004049c6 f   msvcrtd:MSVCRTD.dll
 0001:000039cc       ___p__fmode                004049cc f   msvcrtd:MSVCRTD.dll
 0001:000039d2       ___set_app_type            004049d2 f   msvcrtd:MSVCRTD.dll
 0001:000039d8       __except_handler3          004049d8 f   msvcrtd:MSVCRTD.dll
 0001:000039de       __controlfp                004049de f   msvcrtd:MSVCRTD.dll
 0001:000039e4       _GetModuleHandleA@4        004049e4 f   kernel32:KERNEL32.dll
 0001:000039ea       _GetStartupInfoA@4         004049ea f   kernel32:KERNEL32.dll
 0001:000039f0       ?AfxEnableControlContainer@@YAXPAVCOccManager@@@Z 004049f0 f   mfco42d:MFCO42D.DLL
 0001:000039f6       ??0?$basic_string@DU?$char_traits@D@std@@V?$allocator@D@2@@std@@QAE@ABV?$allocator@D@1@@Z 004049f6 f   msvcprtd:MSVCP60D.dll
 0001:000039fc       ??1?$basic_string@DU?$char_traits@D@std@@V?$allocator@D@2@@std@@QAE@XZ 004049fc f   msvcprtd:MSVCP60D.dll
 0001:00003a02       ?c_str@?$basic_string@DU?$char_traits@D@std@@V?$allocator@D@2@@std@@QBEPBDXZ 00404a02 f   msvcprtd:MSVCP60D.dll
 0001:00003a08       ??0?$basic_string@DU?$char_traits@D@std@@V?$allocator@D@2@@std@@QAE@ABV01@@Z 00404a08 f   msvcprtd:MSVCP60D.dll
 0001:00003a0e       ??0?$basic_string@DU?$char_traits@D@std@@V?$allocator@D@2@@std@@QAE@PBDABV?$allocator@D@1@@Z 00404a0e f   msvcprtd:MSVCP60D.dll
 0001:00003a14       ??4?$basic_string@DU?$char_traits@D@std@@V?$allocator@D@2@@std@@QAEAAV01@ABV01@@Z 00404a14 f   msvcprtd:MSVCP60D.dll
 0001:00003a1a       ?append@?$basic_string@DU?$char_traits@D@std@@V?$allocator@D@2@@std@@QAEAAV12@ABV12@@Z 00404a1a f   msvcprtd:MSVCP60D.dll
 0001:00003a20       _WinMain@16                00404a20 f   mfcs42d:appmodul.obj
 0001:00003a40       ?AfxInitialize@@YGHHK@Z    00404a40 f   mfcs42d:appmodul.obj
 0001:00003ad6       __setmbcp                  00404ad6 f   msvcrtd:MSVCRTD.dll
 0001:00003adc       ?AfxWinMain@@YGHPAUHINSTANCE__@@0PADH@Z 00404adc f   mfc42d:MFC42D.DLL
 0001:00003ae2       ?AfxGetModuleState@@YGPAVAFX_MODULE_STATE@@XZ 00404ae2 f   mfc42d:MFC42D.DLL
 0002:00000020       ?messageMap@CInputControlTestApp@@1UAFX_MSGMAP@@B 00405020     InputControlTest.obj
 0002:00000028       ?_messageEntries@CInputControlTestApp@@0QBUAFX_MSGMAP_ENTRY@@B 00405028     InputControlTest.obj
 0002:000000a0       ?messageMap@CAboutDlg@@1UAFX_MSGMAP@@B 004050a0     InputControlTest.obj
 0002:000000a8       ?_messageEntries@CAboutDlg@@0QBUAFX_MSGMAP_ENTRY@@B 004050a8     InputControlTest.obj
 0002:000000c0       ??_7CInputControlTestApp@@6B@ 004050c0     InputControlTest.obj
 0002:00000164       ??_C@_0CH@DJLM@Local?5AppWizard?9Generated?5Applic@ 00405164     InputControlTest.obj
 0002:0000018c       ??_7CAboutDlg@@6B@         0040518c     InputControlTest.obj
 0002:00000268       ?classCInputControlTestDoc@CInputControlTestDoc@@2UCRuntimeClass@@B 00405268     InputControlTestDoc.obj
 0002:00000280       ?messageMap@CInputControlTestDoc@@1UAFX_MSGMAP@@B 00405280     InputControlTestDoc.obj
 0002:00000288       ?_messageEntries@CInputControlTestDoc@@0QBUAFX_MSGMAP_ENTRY@@B 00405288     InputControlTestDoc.obj
 0002:000002a0       ??_C@_0BF@JPFP@CInputControlTestDoc?$AA@ 004052a0     InputControlTestDoc.obj
 0002:000002b8       ??_7CInputControlTestDoc@@6B@ 004052b8     InputControlTestDoc.obj
 0002:00000370       ?classCInputControlTestView@CInputControlTestView@@2UCRuntimeClass@@B 00405370     InputControlTestView.obj
 0002:00000388       ?messageMap@CInputControlTestView@@1UAFX_MSGMAP@@B 00405388     InputControlTestView.obj
 0002:00000390       ?_messageEntries@CInputControlTestView@@0QBUAFX_MSGMAP_ENTRY@@B 00405390     InputControlTestView.obj
 0002:00000420       ??_C@_0BG@LLCH@CInputControlTestView?$AA@ 00405420     InputControlTestView.obj
 0002:00000438       ??_7CInputControlTestView@@6B@ 00405438     InputControlTestView.obj
 0002:00000548       ??_7CListSelector@@6B@     00405548     ListSelector.obj
 0002:0000054c       ??_C@_0N@OPNF@?V?P?Q?k?$LF?g?J?S?L?$KI17?$AA@ 0040554c     ListSelector.obj
 0002:0000055c       ??_C@_0N@EFEC@?V?P?Q?k?$LF?g?J?S?L?$KI16?$AA@ 0040555c     ListSelector.obj
 0002:0000056c       ??_C@_0N@LKPL@?V?P?Q?k?$LF?g?J?S?L?$KI15?$AA@ 0040556c     ListSelector.obj
 0002:0000057c       ??_C@_0N@BAGM@?V?P?Q?k?$LF?g?J?S?L?$KI14?$AA@ 0040557c     ListSelector.obj
 0002:0000058c       ??_C@_0N@EFIJ@?V?P?Q?k?$LF?g?J?S?L?$KI13?$AA@ 0040558c     ListSelector.obj
 0002:0000059c       ??_C@_0N@OPBO@?V?P?Q?k?$LF?g?J?S?L?$KI12?$AA@ 0040559c     ListSelector.obj
 0002:000005ac       ??_C@_0N@BAKH@?V?P?Q?k?$LF?g?J?S?L?$KI11?$AA@ 004055ac     ListSelector.obj
 0002:000005bc       ??_C@_0N@LKDA@?V?P?Q?k?$LF?g?J?S?L?$KI10?$AA@ 004055bc     ListSelector.obj
 0002:000005cc       ??_C@_0N@MBEI@?V?P?Q?k?$LF?g?J?S?L?$KI?99?$AA@ 004055cc     ListSelector.obj
 0002:000005dc       ??_C@_0N@GLNP@?V?P?Q?k?$LF?g?J?S?L?$KI?98?$AA@ 004055dc     ListSelector.obj
 0002:000005ec       ??_C@_0N@GKIC@?V?P?Q?k?$LF?g?J?S?L?$KI?97?$AA@ 004055ec     ListSelector.obj
 0002:000005fc       ??_C@_0N@MABF@?V?P?Q?k?$LF?g?J?S?L?$KI?96?$AA@ 004055fc     ListSelector.obj
 0002:0000060c       ??_C@_0N@DPKM@?V?P?Q?k?$LF?g?J?S?L?$KI?95?$AA@ 0040560c     ListSelector.obj
 0002:0000061c       ??_C@_0N@JFDL@?V?P?Q?k?$LF?g?J?S?L?$KI?94?$AA@ 0040561c     ListSelector.obj
 0002:0000062c       ??_C@_0N@MANO@?V?P?Q?k?$LF?g?J?S?L?$KI?93?$AA@ 0040562c     ListSelector.obj
 0002:0000063c       ??_C@_0N@GKEJ@?V?P?Q?k?$LF?g?J?S?L?$KI?92?$AA@ 0040563c     ListSelector.obj
 0002:0000064c       ??_C@_04OPJK@name?$AA@     0040564c     ListSelector.obj
 0002:00000654       ??_C@_0N@JFPA@?V?P?Q?k?$LF?g?J?S?L?$KI?91?$AA@ 00405654     ListSelector.obj
 0002:00000664       ??_7CSelectorItem@@6B@     00405664     ListSelector.obj
 0002:00000668       ?classCMainFrame@CMainFrame@@2UCRuntimeClass@@B 00405668     MainFrm.obj
 0002:00000680       ?messageMap@CMainFrame@@1UAFX_MSGMAP@@B 00405680     MainFrm.obj
 0002:00000688       ?_messageEntries@CMainFrame@@0QBUAFX_MSGMAP_ENTRY@@B 00405688     MainFrm.obj
 0002:000006b8       ??_C@_0L@IAGP@CMainFrame?$AA@ 004056b8     MainFrm.obj
 0002:000006c4       ??_7CMainFrame@@6B@        004056c4     MainFrm.obj
 0002:000007c0       ??_C@_0BN@EMDA@Failed?5to?5create?5status?5bar?6?$AA@ 004057c0     MainFrm.obj
 0002:000007e0       ??_C@_02DILL@?$CFs?$AA@    004057e0     MainFrm.obj
 0002:000007e4       ??_C@_0BK@PJFP@Failed?5to?5create?5toolbar?6?$AA@ 004057e4     MainFrm.obj
 0002:00000800       _IID_IDocHostUIHandlerDispatch 00405800     mfcs42d:stdafx.obj
 0002:00000810       _IID_IInternalConnection   00405810     mfcs42d:stdafx.obj
 0002:00000820       _IID_IAxWinAmbientDispatch 00405820     mfcs42d:stdafx.obj
 0002:00000830       _IID_IAxWinHostWindow      00405830     mfcs42d:stdafx.obj
 0002:00000840       _IID_IRegistrar            00405840     mfcs42d:stdafx.obj
 0002:00000850       _CLSID_Registrar           00405850     mfcs42d:stdafx.obj
 0002:00000860       _LIBID_ATLLib              00405860     mfcs42d:stdafx.obj
 0003:00000000       ___xc_a                    00406000     msvcrtd:cinitexe.obj
 0003:0000000c       ___xc_z                    0040600c     msvcrtd:cinitexe.obj
 0003:00000010       ___xi_a                    00406010     msvcrtd:cinitexe.obj
 0003:00000014       ___xi_z                    00406014     msvcrtd:cinitexe.obj
 0003:00000054       ?__LINE__Var@?1??InitInstance@CInputControlTestApp@@UAEHXZ@4FA 00406054     InputControlTest.obj
 0003:000000c8       ?__LINE__Var@?1??OnDraw@CInputControlTestView@@UAEXPAVCDC@@@Z@4FA 004060c8     InputControlTestView.obj
 0003:000000cc       ?__LINE__Var@?1??GetDocument@CInputControlTestView@@QAEPAVCInputControlTestDoc@@XZ@4FA 004060cc     InputControlTestView.obj
 0003:00000100       ?__LINE__Var@?1??draw@CListSelector@@QAEXAAVCClientDC@@HHHH@Z@4FA 00406100     ListSelector.obj
 0003:00000104       ?__LINE__Var@?1??addItem@CListSelector@@QAEXV?$basic_string@DU?$char_traits@D@std@@V?$allocator@D@2@@std@@0@Z@4FA 00406104     ListSelector.obj
 0003:00000108       ?__LINE__Var@?1??getSampleSelector@CListSelector@@SAPAV2@XZ@4FA@313e593f 00406108     ListSelector.obj
 0003:00000178       ?GUID_ATLVer30@ATL@@3U_GUID@@A 00406178     mfcs42d:stdafx.obj
 0003:00000190       ___defaultmatherr          00406190     msvcrtd:merr.obj
 0003:000001a8       ?theApp@@3VCInputControlTestApp@@A 004061a8     InputControlTest.obj
 0003:00000274       __afxForceEXCLUDE          00406274     mfcs42d:nolib.obj
 0003:00000278       ?ATL_CREATE_OBJECT@CComApartment@ATL@@2IA 00406278     mfcs42d:stdafx.obj
 0003:00000280       ?m_libid@CComModule@ATL@@2U_GUID@@A 00406280     mfcs42d:stdafx.obj
 0003:00000290       ?_pModule@ATL@@3PAVCComModule@1@A 00406290     mfcs42d:stdafx.obj
 0003:00000294       __afxForceSTDAFX           00406294     mfcs42d:stdafx.obj
 0003:00000298       __dowildcard               00406298     msvcrtd:wildcard.obj
 0003:0000029c       __newmode                  0040629c     msvcrtd:_newmode.obj
 0003:000002a0       __commode                  004062a0     msvcrtd:xncommod.obj
 0003:000002a4       __fmode                    004062a4     msvcrtd:xtxtmode.obj
 0003:000002a8       ?_afxInitAppState@@3DA     004062a8     mfcs42d:appmodul.obj
 0003:000002ac       __adjust_fdiv              004062ac     <common>
 0003:000002b0       ___onexitend               004062b0     <common>
 0003:000002b4       ___onexitbegin             004062b4     <common>
 0004:00000000       __IMPORT_DESCRIPTOR_MFC42D 00407000     mfc42d:MFC42D.DLL
 0004:00000014       __IMPORT_DESCRIPTOR_MSVCRTD 00407014     msvcrtd:MSVCRTD.dll
 0004:00000028       __IMPORT_DESCRIPTOR_KERNEL32 00407028     kernel32:KERNEL32.dll
 0004:0000003c       __IMPORT_DESCRIPTOR_MFCO42D 0040703c     mfco42d:MFCO42D.DLL
 0004:00000050       __IMPORT_DESCRIPTOR_MSVCP60D 00407050     msvcprtd:MSVCP60D.dll
 0004:00000064       __NULL_IMPORT_DESCRIPTOR   00407064     mfc42d:MFC42D.DLL
 0004:00000490       __imp__GetStartupInfoA@4   00407490     kernel32:KERNEL32.dll
 0004:00000494       __imp__GetModuleHandleA@4  00407494     kernel32:KERNEL32.dll
 0004:00000498       \177KERNEL32_NULL_THUNK_DATA 00407498     kernel32:KERNEL32.dll
 0004:0000049c       __imp_?OnFileNew@CWinApp@@IAEXXZ 0040749c     mfc42d:MFC42D.DLL
 0004:000004a0       __imp_?WinHelpA@CWinApp@@UAEXKI@Z 004074a0     mfc42d:MFC42D.DLL
 0004:000004a4       __imp_?OnDDECommand@CWinApp@@UAEHPAD@Z 004074a4     mfc42d:MFC42D.DLL
 0004:000004a8       __imp_?DoWaitCursor@CWinApp@@UAEXH@Z 004074a8     mfc42d:MFC42D.DLL
 0004:000004ac       __imp_?DoMessageBox@CWinApp@@UAEHPBDII@Z 004074ac     mfc42d:MFC42D.DLL
 0004:000004b0       __imp_?SaveAllModified@CWinApp@@UAEHXZ 004074b0     mfc42d:MFC42D.DLL
 0004:000004b4       __imp_?InitApplication@CWinApp@@UAEHXZ 004074b4     mfc42d:MFC42D.DLL
 0004:000004b8       __imp_?AddToRecentFileList@CWinApp@@UAEXPBD@Z 004074b8     mfc42d:MFC42D.DLL
 0004:000004bc       __imp_?OpenDocumentFile@CWinApp@@UAEPAVCDocument@@PBD@Z 004074bc     mfc42d:MFC42D.DLL
 0004:000004c0       __imp_?Delete@CWinThread@@UAEXXZ 004074c0     mfc42d:MFC42D.DLL
 0004:000004c4       __imp_?GetMainWnd@CWinThread@@UAEPAVCWnd@@XZ 004074c4     mfc42d:MFC42D.DLL
 0004:000004c8       __imp_?ProcessMessageFilter@CWinThread@@UAEHHPAUtagMSG@@@Z 004074c8     mfc42d:MFC42D.DLL
 0004:000004cc       __imp_?ProcessWndProcException@CWinApp@@UAEJPAVCException@@PBUtagMSG@@@Z 004074cc     mfc42d:MFC42D.DLL
 0004:000004d0       __imp_?ExitInstance@CWinApp@@UAEHXZ 004074d0     mfc42d:MFC42D.DLL
 0004:000004d4       __imp_?IsIdleMessage@CWinThread@@UAEHPAUtagMSG@@@Z 004074d4     mfc42d:MFC42D.DLL
 0004:000004d8       __imp_?OnIdle@CWinApp@@UAEHJ@Z 004074d8     mfc42d:MFC42D.DLL
 0004:000004dc       __imp_?PumpMessage@CWinThread@@UAEHXZ 004074dc     mfc42d:MFC42D.DLL
 0004:000004e0       __imp_?PreTranslateMessage@CWinThread@@UAEHPAUtagMSG@@@Z 004074e0     mfc42d:MFC42D.DLL
 0004:000004e4       __imp_?Run@CWinApp@@UAEHXZ 004074e4     mfc42d:MFC42D.DLL
 0004:000004e8       __imp_?GetConnectionHook@CCmdTarget@@MAEPAUIConnectionPoint@@ABU_GUID@@@Z 004074e8     mfc42d:MFC42D.DLL
 0004:000004ec       __imp_?GetExtraConnectionPoints@CCmdTarget@@MAEHPAVCPtrArray@@@Z 004074ec     mfc42d:MFC42D.DLL
 0004:000004f0       __imp_?GetInterfaceHook@CCmdTarget@@UAEPAUIUnknown@@PBX@Z 004074f0     mfc42d:MFC42D.DLL
 0004:000004f4       __imp_?OnCreateAggregates@CCmdTarget@@UAEHXZ 004074f4     mfc42d:MFC42D.DLL
 0004:000004f8       __imp_?GetEventSinkMap@CCmdTarget@@MBEPBUAFX_EVENTSINKMAP@@XZ 004074f8     mfc42d:MFC42D.DLL
 0004:000004fc       __imp_?GetInterfaceMap@CCmdTarget@@MBEPBUAFX_INTERFACEMAP@@XZ 004074fc     mfc42d:MFC42D.DLL
 0004:00000500       __imp_?GetConnectionMap@CCmdTarget@@MBEPBUAFX_CONNECTIONMAP@@XZ 00407500     mfc42d:MFC42D.DLL
 0004:00000504       __imp_?GetDispatchMap@CCmdTarget@@MBEPBUAFX_DISPMAP@@XZ 00407504     mfc42d:MFC42D.DLL
 0004:00000508       __imp_?GetCommandMap@CCmdTarget@@MBEPBUAFX_OLECMDMAP@@XZ 00407508     mfc42d:MFC42D.DLL
 0004:0000050c       __imp_?GetTypeLib@CCmdTarget@@UAEJKPAPAUITypeLib@@@Z 0040750c     mfc42d:MFC42D.DLL
 0004:00000510       __imp_?GetTypeLibCache@CCmdTarget@@UAEPAVCTypeLibCache@@XZ 00407510     mfc42d:MFC42D.DLL
 0004:00000514       __imp_?GetTypeInfoCount@CCmdTarget@@UAEIXZ 00407514     mfc42d:MFC42D.DLL
 0004:00000518       __imp_?GetDispatchIID@CCmdTarget@@UAEHPAU_GUID@@@Z 00407518     mfc42d:MFC42D.DLL
 0004:0000051c       __imp_?IsInvokeAllowed@CCmdTarget@@UAEHJ@Z 0040751c     mfc42d:MFC42D.DLL
 0004:00000520       __imp_?OnFinalRelease@CCmdTarget@@UAEXXZ 00407520     mfc42d:MFC42D.DLL
 0004:00000524       __imp_?OnCmdMsg@CCmdTarget@@UAEHIHPAXPAUAFX_CMDHANDLERINFO@@@Z 00407524     mfc42d:MFC42D.DLL
 0004:00000528       __imp_?Dump@CWinApp@@UBEXAAVCDumpContext@@@Z 00407528     mfc42d:MFC42D.DLL
 0004:0000052c       __imp_?AssertValid@CWinApp@@UBEXXZ 0040752c     mfc42d:MFC42D.DLL
 0004:00000530       __imp_?Serialize@CObject@@UAEXAAVCArchive@@@Z 00407530     mfc42d:MFC42D.DLL
 0004:00000534       __imp_?GetRuntimeClass@CWinApp@@UBEPAUCRuntimeClass@@XZ 00407534     mfc42d:MFC42D.DLL
 0004:00000538       __imp_??0CWinApp@@QAE@PBD@Z 00407538     mfc42d:MFC42D.DLL
 0004:0000053c       __imp_??3CObject@@SGXPAX@Z 0040753c     mfc42d:MFC42D.DLL
 0004:00000540       __imp_??1CWinApp@@UAE@XZ   00407540     mfc42d:MFC42D.DLL
 0004:00000544       __imp_??3CObject@@SGXPAXPBDH@Z 00407544     mfc42d:MFC42D.DLL
 0004:00000548       __imp_?UpdateWindow@CWnd@@QAEXXZ 00407548     mfc42d:MFC42D.DLL
 0004:0000054c       __imp_?ShowWindow@CWnd@@QAEHH@Z 0040754c     mfc42d:MFC42D.DLL
 0004:00000550       __imp_??1CCommandLineInfo@@UAE@XZ 00407550     mfc42d:MFC42D.DLL
 0004:00000554       __imp_?ProcessShellCommand@CWinApp@@QAEHAAVCCommandLineInfo@@@Z 00407554     mfc42d:MFC42D.DLL
 0004:00000558       __imp_?ParseCommandLine@CWinApp@@QAEXAAVCCommandLineInfo@@@Z 00407558     mfc42d:MFC42D.DLL
 0004:0000055c       __imp_??0CCommandLineInfo@@QAE@XZ 0040755c     mfc42d:MFC42D.DLL
 0004:00000560       __imp_?AddDocTemplate@CWinApp@@QAEXPAVCDocTemplate@@@Z 00407560     mfc42d:MFC42D.DLL
 0004:00000564       __imp_??0CSingleDocTemplate@@QAE@IPAUCRuntimeClass@@00@Z 00407564     mfc42d:MFC42D.DLL
 0004:00000568       __imp_??2CObject@@SGPAXIPBDH@Z 00407568     mfc42d:MFC42D.DLL
 0004:0000056c       __imp_?LoadStdProfileSettings@CWinApp@@IAEXI@Z 0040756c     mfc42d:MFC42D.DLL
 0004:00000570       __imp_?SetRegistryKey@CWinApp@@IAEXPBD@Z 00407570     mfc42d:MFC42D.DLL
 0004:00000574       __imp_?Enable3dControls@CWinApp@@IAEHXZ 00407574     mfc42d:MFC42D.DLL
 0004:00000578       __imp_?PreInitDialog@CDialog@@MAEXXZ 00407578     mfc42d:MFC42D.DLL
 0004:0000057c       __imp_?OnCancel@CDialog@@MAEXXZ 0040757c     mfc42d:MFC42D.DLL
 0004:00000580       __imp_?OnOK@CDialog@@MAEXXZ 00407580     mfc42d:MFC42D.DLL
 0004:00000584       __imp_?OnSetFont@CDialog@@UAEXPAVCFont@@@Z 00407584     mfc42d:MFC42D.DLL
 0004:00000588       __imp_?OnInitDialog@CDialog@@UAEHXZ 00407588     mfc42d:MFC42D.DLL
 0004:0000058c       __imp_?DoModal@CDialog@@UAEHXZ 0040758c     mfc42d:MFC42D.DLL
 0004:00000590       __imp_?SetOccDialogInfo@CDialog@@MAEHPAU_AFX_OCC_DIALOG_INFO@@@Z 00407590     mfc42d:MFC42D.DLL
 0004:00000594       __imp_?IsFrameWnd@CWnd@@UBEHXZ 00407594     mfc42d:MFC42D.DLL
 0004:00000598       __imp_?CheckAutoCenter@CDialog@@UAEHXZ 00407598     mfc42d:MFC42D.DLL
 0004:0000059c       __imp_?OnChildNotify@CWnd@@MAEHIIJPAJ@Z 0040759c     mfc42d:MFC42D.DLL
 0004:000005a0       __imp_?PostNcDestroy@CWnd@@MAEXXZ 004075a0     mfc42d:MFC42D.DLL
 0004:000005a4       __imp_?DefWindowProcA@CWnd@@MAEJIIJ@Z 004075a4     mfc42d:MFC42D.DLL
 0004:000005a8       __imp_?OnWndMsg@CWnd@@MAEHIIJPAJ@Z 004075a8     mfc42d:MFC42D.DLL
 0004:000005ac       __imp_?WindowProc@CWnd@@MAEJIIJ@Z 004075ac     mfc42d:MFC42D.DLL
 0004:000005b0       __imp_?OnAmbientProperty@CWnd@@UAEHPAVCOleControlSite@@JPAUtagVARIANT@@@Z 004075b0     mfc42d:MFC42D.DLL
 0004:000005b4       __imp_?PreTranslateMessage@CDialog@@UAEHPAUtagMSG@@@Z 004075b4     mfc42d:MFC42D.DLL
 0004:000005b8       __imp_?EndModalState@CWnd@@UAEXXZ 004075b8     mfc42d:MFC42D.DLL
 0004:000005bc       __imp_?BeginModalState@CWnd@@UAEXXZ 004075bc     mfc42d:MFC42D.DLL
 0004:000005c0       __imp_?GetSuperWndProcAddr@CWnd@@MAEPAP6GJPAUHWND__@@IIJ@ZXZ 004075c0     mfc42d:MFC42D.DLL
 0004:000005c4       __imp_?OnNotify@CWnd@@MAEHIJPAJ@Z 004075c4     mfc42d:MFC42D.DLL
 0004:000005c8       __imp_?OnCommand@CWnd@@MAEHIJ@Z 004075c8     mfc42d:MFC42D.DLL
 0004:000005cc       __imp_?EndModalLoop@CWnd@@UAEXH@Z 004075cc     mfc42d:MFC42D.DLL
 0004:000005d0       __imp_?ContinueModal@CWnd@@UAEHXZ 004075d0     mfc42d:MFC42D.DLL
 0004:000005d4       __imp_?WinHelpA@CWnd@@UAEXKI@Z 004075d4     mfc42d:MFC42D.DLL
 0004:000005d8       __imp_?GetScrollBarCtrl@CWnd@@UBEPAVCScrollBar@@H@Z 004075d8     mfc42d:MFC42D.DLL
 0004:000005dc       __imp_?OnToolHitTest@CWnd@@UBEHVCPoint@@PAUtagTOOLINFOA@@@Z 004075dc     mfc42d:MFC42D.DLL
 0004:000005e0       __imp_?CalcWindowRect@CWnd@@UAEXPAUtagRECT@@I@Z 004075e0     mfc42d:MFC42D.DLL
 0004:000005e4       __imp_?PreCreateWindow@CWnd@@UAEHAAUtagCREATESTRUCTA@@@Z 004075e4     mfc42d:MFC42D.DLL
 0004:000005e8       __imp_?DestroyWindow@CWnd@@UAEHXZ 004075e8     mfc42d:MFC42D.DLL
 0004:000005ec       __imp_?Create@CWnd@@UAEHPBD0KABUtagRECT@@PAV1@IPAUCCreateContext@@@Z 004075ec     mfc42d:MFC42D.DLL
 0004:000005f0       __imp_?PreSubclassWindow@CWnd@@UAEXXZ 004075f0     mfc42d:MFC42D.DLL
 0004:000005f4       __imp_?OnFinalRelease@CWnd@@UAEXXZ 004075f4     mfc42d:MFC42D.DLL
 0004:000005f8       __imp_?OnCmdMsg@CDialog@@UAEHIHPAXPAUAFX_CMDHANDLERINFO@@@Z 004075f8     mfc42d:MFC42D.DLL
 0004:000005fc       __imp_?Dump@CDialog@@UBEXAAVCDumpContext@@@Z 004075fc     mfc42d:MFC42D.DLL
 0004:00000600       __imp_?AssertValid@CDialog@@UBEXXZ 00407600     mfc42d:MFC42D.DLL
 0004:00000604       __imp_?GetRuntimeClass@CDialog@@UBEPAUCRuntimeClass@@XZ 00407604     mfc42d:MFC42D.DLL
 0004:00000608       __imp_??0CDialog@@QAE@IPAVCWnd@@@Z 00407608     mfc42d:MFC42D.DLL
 0004:0000060c       __imp_??1CDialog@@UAE@XZ   0040760c     mfc42d:MFC42D.DLL
 0004:00000610       __imp_?DoDataExchange@CWnd@@MAEXPAVCDataExchange@@@Z 00407610     mfc42d:MFC42D.DLL
 0004:00000614       __imp_?messageMap@CDialog@@1UAFX_MSGMAP@@B 00407614     mfc42d:MFC42D.DLL
 0004:00000618       __imp_?classCDocument@CDocument@@2UCRuntimeClass@@B 00407618     mfc42d:MFC42D.DLL
 0004:0000061c       __imp_?messageMap@CDocument@@1UAFX_MSGMAP@@B 0040761c     mfc42d:MFC42D.DLL
 0004:00000620       __imp_?OnIdle@CDocument@@UAEXXZ 00407620     mfc42d:MFC42D.DLL
 0004:00000624       __imp_?GetDefaultAccelerator@CDocument@@UAEPAUHACCEL__@@XZ 00407624     mfc42d:MFC42D.DLL
 0004:00000628       __imp_?GetDefaultMenu@CDocument@@UAEPAUHMENU__@@XZ 00407628     mfc42d:MFC42D.DLL
 0004:0000062c       __imp_?UpdateFrameCounts@CDocument@@UAEXXZ 0040762c     mfc42d:MFC42D.DLL
 0004:00000630       __imp_?DoFileSave@CDocument@@UAEHXZ 00407630     mfc42d:MFC42D.DLL
 0004:00000634       __imp_?DoSave@CDocument@@UAEHPBDH@Z 00407634     mfc42d:MFC42D.DLL
 0004:00000638       __imp_?PreCloseFrame@CDocument@@UAEXPAVCFrameWnd@@@Z 00407638     mfc42d:MFC42D.DLL
 0004:0000063c       __imp_?SaveModified@CDocument@@UAEHXZ 0040763c     mfc42d:MFC42D.DLL
 0004:00000640       __imp_?CanCloseFrame@CDocument@@UAEHPAVCFrameWnd@@@Z 00407640     mfc42d:MFC42D.DLL
 0004:00000644       __imp_?ReleaseFile@CDocument@@UAEXPAVCFile@@H@Z 00407644     mfc42d:MFC42D.DLL
 0004:00000648       __imp_?GetFile@CDocument@@UAEPAVCFile@@PBDIPAVCFileException@@@Z 00407648     mfc42d:MFC42D.DLL
 0004:0000064c       __imp_?ReportSaveLoadException@CDocument@@UAEXPBDPAVCException@@HI@Z 0040764c     mfc42d:MFC42D.DLL
 0004:00000650       __imp_?OnCloseDocument@CDocument@@UAEXXZ 00407650     mfc42d:MFC42D.DLL
 0004:00000654       __imp_?OnSaveDocument@CDocument@@UAEHPBD@Z 00407654     mfc42d:MFC42D.DLL
 0004:00000658       __imp_?OnFileOpen@CWinApp@@IAEXXZ 00407658     mfc42d:MFC42D.DLL
 0004:0000065c       __imp_?messageMap@CWinApp@@1UAFX_MSGMAP@@B 0040765c     mfc42d:MFC42D.DLL
 0004:00000660       __imp_?OnChangedViewList@CDocument@@UAEXXZ 00407660     mfc42d:MFC42D.DLL
 0004:00000664       __imp_?GetNextView@CDocument@@UBEPAVCView@@AAPAU__POSITION@@@Z 00407664     mfc42d:MFC42D.DLL
 0004:00000668       __imp_?GetFirstViewPosition@CDocument@@UBEPAU__POSITION@@XZ 00407668     mfc42d:MFC42D.DLL
 0004:0000066c       __imp_?SetModifiedFlag@CDocument@@UAEXH@Z 0040766c     mfc42d:MFC42D.DLL
 0004:00000670       __imp_?IsModified@CDocument@@UAEHXZ 00407670     mfc42d:MFC42D.DLL
 0004:00000674       __imp_?SetPathName@CDocument@@UAEXPBDH@Z 00407674     mfc42d:MFC42D.DLL
 0004:00000678       __imp_?SetTitle@CDocument@@UAEXPBD@Z 00407678     mfc42d:MFC42D.DLL
 0004:0000067c       __imp_?OnFinalRelease@CDocument@@UAEXXZ 0040767c     mfc42d:MFC42D.DLL
 0004:00000680       __imp_?OnCmdMsg@CDocument@@UAEHIHPAXPAUAFX_CMDHANDLERINFO@@@Z 00407680     mfc42d:MFC42D.DLL
 0004:00000684       __imp_??0CDocument@@QAE@XZ 00407684     mfc42d:MFC42D.DLL
 0004:00000688       __imp_??1CDocument@@UAE@XZ 00407688     mfc42d:MFC42D.DLL
 0004:0000068c       __imp_?OnNewDocument@CDocument@@UAEHXZ 0040768c     mfc42d:MFC42D.DLL
 0004:00000690       __imp_?IsStoring@CArchive@@QBEHXZ 00407690     mfc42d:MFC42D.DLL
 0004:00000694       __imp_?AssertValid@CDocument@@UBEXXZ 00407694     mfc42d:MFC42D.DLL
 0004:00000698       __imp_?Dump@CDocument@@UBEXAAVCDumpContext@@@Z 00407698     mfc42d:MFC42D.DLL
 0004:0000069c       __imp_?OnFilePrintSetup@CWinApp@@IAEXXZ 0040769c     mfc42d:MFC42D.DLL
 0004:000006a0       __imp_?OnFilePrint@CView@@IAEXXZ 004076a0     mfc42d:MFC42D.DLL
 0004:000006a4       __imp_?classCView@CView@@2UCRuntimeClass@@B 004076a4     mfc42d:MFC42D.DLL
 0004:000006a8       __imp_?messageMap@CView@@1UAFX_MSGMAP@@B 004076a8     mfc42d:MFC42D.DLL
 0004:000006ac       __imp_?OnEndPrintPreview@CView@@MAEXPAVCDC@@PAUCPrintInfo@@UtagPOINT@@PAVCPreviewView@@@Z 004076ac     mfc42d:MFC42D.DLL
 0004:000006b0       __imp_?OnPrint@CView@@MAEXPAVCDC@@PAUCPrintInfo@@@Z 004076b0     mfc42d:MFC42D.DLL
 0004:000006b4       __imp_?OnUpdate@CView@@MAEXPAV1@JPAVCObject@@@Z 004076b4     mfc42d:MFC42D.DLL
 0004:000006b8       __imp_?OnActivateFrame@CView@@MAEXIPAVCFrameWnd@@@Z 004076b8     mfc42d:MFC42D.DLL
 0004:000006bc       __imp_?OnActivateView@CView@@MAEXHPAV1@0@Z 004076bc     mfc42d:MFC42D.DLL
 0004:000006c0       __imp_?OnInitialUpdate@CView@@UAEXXZ 004076c0     mfc42d:MFC42D.DLL
 0004:000006c4       __imp_?OnPrepareDC@CView@@UAEXPAVCDC@@PAUCPrintInfo@@@Z 004076c4     mfc42d:MFC42D.DLL
 0004:000006c8       __imp_?OnDragScroll@CView@@UAEKKVCPoint@@@Z 004076c8     mfc42d:MFC42D.DLL
 0004:000006cc       __imp_?OnDropEx@CView@@UAEKPAVCOleDataObject@@KKVCPoint@@@Z 004076cc     mfc42d:MFC42D.DLL
 0004:000006d0       __imp_?OnDrop@CView@@UAEHPAVCOleDataObject@@KVCPoint@@@Z 004076d0     mfc42d:MFC42D.DLL
 0004:000006d4       __imp_?OnDragLeave@CView@@UAEXXZ 004076d4     mfc42d:MFC42D.DLL
 0004:000006d8       __imp_?OnDragOver@CView@@UAEKPAVCOleDataObject@@KVCPoint@@@Z 004076d8     mfc42d:MFC42D.DLL
 0004:000006dc       __imp_?OnDragEnter@CView@@UAEKPAVCOleDataObject@@KVCPoint@@@Z 004076dc     mfc42d:MFC42D.DLL
 0004:000006e0       __imp_?OnScrollBy@CView@@UAEHVCSize@@H@Z 004076e0     mfc42d:MFC42D.DLL
 0004:000006e4       __imp_?OnScroll@CView@@UAEHIIH@Z 004076e4     mfc42d:MFC42D.DLL
 0004:000006e8       __imp_?IsSelected@CView@@UBEHPBVCObject@@@Z 004076e8     mfc42d:MFC42D.DLL
 0004:000006ec       __imp_?SetOccDialogInfo@CWnd@@MAEHPAU_AFX_OCC_DIALOG_INFO@@@Z 004076ec     mfc42d:MFC42D.DLL
 0004:000006f0       __imp_?CheckAutoCenter@CWnd@@UAEHXZ 004076f0     mfc42d:MFC42D.DLL
 0004:000006f4       __imp_?PostNcDestroy@CView@@MAEXXZ 004076f4     mfc42d:MFC42D.DLL
 0004:000006f8       __imp_?PreTranslateMessage@CWnd@@UAEHPAUtagMSG@@@Z 004076f8     mfc42d:MFC42D.DLL
 0004:000006fc       __imp_?GetScrollBarCtrl@CView@@UBEPAVCScrollBar@@H@Z 004076fc     mfc42d:MFC42D.DLL
 0004:00000700       __imp_?CalcWindowRect@CView@@UAEXPAUtagRECT@@I@Z 00407700     mfc42d:MFC42D.DLL
 0004:00000704       __imp_?OnCmdMsg@CView@@UAEHIHPAXPAUAFX_CMDHANDLERINFO@@@Z 00407704     mfc42d:MFC42D.DLL
 0004:00000708       __imp_??0CView@@IAE@XZ     00407708     mfc42d:MFC42D.DLL
 0004:0000070c       __imp_??1CView@@UAE@XZ     0040770c     mfc42d:MFC42D.DLL
 0004:00000710       __imp_?PreCreateWindow@CView@@MAEHAAUtagCREATESTRUCTA@@@Z 00407710     mfc42d:MFC42D.DLL
 0004:00000714       __imp_??1CClientDC@@UAE@XZ 00407714     mfc42d:MFC42D.DLL
 0004:00000718       __imp_?SetBkMode@CDC@@QAEHH@Z 00407718     mfc42d:MFC42D.DLL
 0004:0000071c       __imp_??0CClientDC@@QAE@PAVCWnd@@@Z 0040771c     mfc42d:MFC42D.DLL
 0004:00000720       __imp_?AfxAssertValidObject@@YGXPBVCObject@@PBDH@Z 00407720     mfc42d:MFC42D.DLL
 0004:00000724       __imp_?DoPreparePrinting@CView@@QAEHPAUCPrintInfo@@@Z 00407724     mfc42d:MFC42D.DLL
 0004:00000728       __imp_?AssertValid@CView@@UBEXXZ 00407728     mfc42d:MFC42D.DLL
 0004:0000072c       __imp_?Dump@CView@@UBEXAAVCDumpContext@@@Z 0040772c     mfc42d:MFC42D.DLL
 0004:00000730       __imp_?AfxAssertFailedLine@@YGHPBDH@Z 00407730     mfc42d:MFC42D.DLL
 0004:00000734       __imp_?IsKindOf@CObject@@QBEHPBUCRuntimeClass@@@Z 00407734     mfc42d:MFC42D.DLL
 0004:00000738       __imp_?OnKeyDown@CWnd@@IAEXIII@Z 00407738     mfc42d:MFC42D.DLL
 0004:0000073c       __imp_?Invalidate@CWnd@@QAEXH@Z 0040773c     mfc42d:MFC42D.DLL
 0004:00000740       __imp_?OnMouseWheel@CWnd@@IAEHIFVCPoint@@@Z 00407740     mfc42d:MFC42D.DLL
 0004:00000744       __imp_??3@YAXPAX@Z         00407744     mfc42d:MFC42D.DLL
 0004:00000748       __imp_??1CString@@QAE@XZ   00407748     mfc42d:MFC42D.DLL
 0004:0000074c       __imp_?DrawTextA@CDC@@QAEHABVCString@@PAUtagRECT@@I@Z 0040774c     mfc42d:MFC42D.DLL
 0004:00000750       __imp_??0CString@@QAE@PBD@Z 00407750     mfc42d:MFC42D.DLL
 0004:00000754       __imp_?FillRect@CDC@@QAEXPBUtagRECT@@PAVCBrush@@@Z 00407754     mfc42d:MFC42D.DLL
 0004:00000758       __imp_?CreateSolidBrush@CBrush@@QAEHK@Z 00407758     mfc42d:MFC42D.DLL
 0004:0000075c       __imp_??0CBrush@@QAE@XZ    0040775c     mfc42d:MFC42D.DLL
 0004:00000760       __imp_?Rectangle@CDC@@QAEHPBUtagRECT@@@Z 00407760     mfc42d:MFC42D.DLL
 0004:00000764       __imp_??0CRect@@QAE@HHHH@Z 00407764     mfc42d:MFC42D.DLL
 0004:00000768       __imp_??3@YAXPAXPBDH@Z     00407768     mfc42d:MFC42D.DLL
 0004:0000076c       __imp_??2@YAPAXIPBDH@Z     0040776c     mfc42d:MFC42D.DLL
 0004:00000770       __imp_??2@YAPAXI@Z         00407770     mfc42d:MFC42D.DLL
 0004:00000774       __imp_?classCFrameWnd@CFrameWnd@@2UCRuntimeClass@@B 00407774     mfc42d:MFC42D.DLL
 0004:00000778       __imp_?messageMap@CFrameWnd@@1UAFX_MSGMAP@@B 00407778     mfc42d:MFC42D.DLL
 0004:0000077c       __imp_?ExitHelpMode@CFrameWnd@@UAEXXZ 0040777c     mfc42d:MFC42D.DLL
 0004:00000780       __imp_?DelayUpdateFrameMenu@CFrameWnd@@UAEXPAUHMENU__@@@Z 00407780     mfc42d:MFC42D.DLL
 0004:00000784       __imp_?GetDefaultAccelerator@CFrameWnd@@UAEPAUHACCEL__@@XZ 00407784     mfc42d:MFC42D.DLL
 0004:00000788       __imp_?OnUpdateFrameMenu@CFrameWnd@@UAEXPAUHMENU__@@@Z 00407788     mfc42d:MFC42D.DLL
 0004:0000078c       __imp_?OnUpdateFrameTitle@CFrameWnd@@UAEXH@Z 0040778c     mfc42d:MFC42D.DLL
 0004:00000790       __imp_?OnCreateClient@CFrameWnd@@MAEHPAUtagCREATESTRUCTA@@PAUCCreateContext@@@Z 00407790     mfc42d:MFC42D.DLL
 0004:00000794       __imp_?NegotiateBorderSpace@CFrameWnd@@UAEHIPAUtagRECT@@@Z 00407794     mfc42d:MFC42D.DLL
 0004:00000798       __imp_?GetMessageBar@CFrameWnd@@UAEPAVCWnd@@XZ 00407798     mfc42d:MFC42D.DLL
 0004:0000079c       __imp_?OnSetPreviewMode@CFrameWnd@@UAEXHPAUCPrintPreviewState@@@Z 0040779c     mfc42d:MFC42D.DLL
 0004:000007a0       __imp_?ActivateFrame@CFrameWnd@@UAEXH@Z 004077a0     mfc42d:MFC42D.DLL
 0004:000007a4       __imp_?RecalcLayout@CFrameWnd@@UAEXH@Z 004077a4     mfc42d:MFC42D.DLL
 0004:000007a8       __imp_?GetMessageString@CFrameWnd@@UBEXIAAVCString@@@Z 004077a8     mfc42d:MFC42D.DLL
 0004:000007ac       __imp_?GetActiveFrame@CFrameWnd@@UAEPAV1@XZ 004077ac     mfc42d:MFC42D.DLL
 0004:000007b0       __imp_?GetActiveDocument@CFrameWnd@@UAEPAVCDocument@@XZ 004077b0     mfc42d:MFC42D.DLL
 0004:000007b4       __imp_?LoadFrame@CFrameWnd@@UAEHIKPAVCWnd@@PAUCCreateContext@@@Z 004077b4     mfc42d:MFC42D.DLL
 0004:000007b8       __imp_?IsFrameWnd@CFrameWnd@@UBEHXZ 004077b8     mfc42d:MFC42D.DLL
 0004:000007bc       __imp_?PostNcDestroy@CFrameWnd@@MAEXXZ 004077bc     mfc42d:MFC42D.DLL
 0004:000007c0       __imp_?PreTranslateMessage@CFrameWnd@@UAEHPAUtagMSG@@@Z 004077c0     mfc42d:MFC42D.DLL
 0004:000007c4       __imp_?EndModalState@CFrameWnd@@UAEXXZ 004077c4     mfc42d:MFC42D.DLL
 0004:000007c8       __imp_?BeginModalState@CFrameWnd@@UAEXXZ 004077c8     mfc42d:MFC42D.DLL
 0004:000007cc       __imp_?OnCommand@CFrameWnd@@MAEHIJ@Z 004077cc     mfc42d:MFC42D.DLL
 0004:000007d0       __imp_?OnCmdMsg@CFrameWnd@@UAEHIHPAXPAUAFX_CMDHANDLERINFO@@@Z 004077d0     mfc42d:MFC42D.DLL
 0004:000007d4       __imp_??1CStatusBar@@UAE@XZ 004077d4     mfc42d:MFC42D.DLL
 0004:000007d8       __imp_??1CFrameWnd@@UAE@XZ 004077d8     mfc42d:MFC42D.DLL
 0004:000007dc       __imp_??0CToolBar@@QAE@XZ  004077dc     mfc42d:MFC42D.DLL
 0004:000007e0       __imp_??0CStatusBar@@QAE@XZ 004077e0     mfc42d:MFC42D.DLL
 0004:000007e4       __imp_??0CFrameWnd@@QAE@XZ 004077e4     mfc42d:MFC42D.DLL
 0004:000007e8       __imp_??1CToolBar@@UAE@XZ  004077e8     mfc42d:MFC42D.DLL
 0004:000007ec       __imp_?DockControlBar@CFrameWnd@@QAEXPAVCControlBar@@IPBUtagRECT@@@Z 004077ec     mfc42d:MFC42D.DLL
 0004:000007f0       __imp_?EnableDocking@CFrameWnd@@QAEXK@Z 004077f0     mfc42d:MFC42D.DLL
 0004:000007f4       __imp_?EnableDocking@CControlBar@@QAEXK@Z 004077f4     mfc42d:MFC42D.DLL
 0004:000007f8       __imp_?SetIndicators@CStatusBar@@QAEHPBIH@Z 004077f8     mfc42d:MFC42D.DLL
 0004:000007fc       __imp_?Create@CStatusBar@@QAEHPAVCWnd@@KI@Z 004077fc     mfc42d:MFC42D.DLL
 0004:00000800       __imp_?AfxTrace@@YAXPBDZZ  00407800     mfc42d:MFC42D.DLL
 0004:00000804       __imp_?LoadToolBar@CToolBar@@QAEHI@Z 00407804     mfc42d:MFC42D.DLL
 0004:00000808       __imp_?CreateEx@CToolBar@@QAEHPAVCWnd@@KKVCRect@@I@Z 00407808     mfc42d:MFC42D.DLL
 0004:0000080c       __imp_?OnCreate@CFrameWnd@@IAEHPAUtagCREATESTRUCTA@@@Z 0040780c     mfc42d:MFC42D.DLL
 0004:00000810       __imp_?PreCreateWindow@CFrameWnd@@MAEHAAUtagCREATESTRUCTA@@@Z 00407810     mfc42d:MFC42D.DLL
 0004:00000814       __imp_?AssertValid@CFrameWnd@@UBEXXZ 00407814     mfc42d:MFC42D.DLL
 0004:00000818       __imp_?Dump@CFrameWnd@@UBEXAAVCDumpContext@@@Z 00407818     mfc42d:MFC42D.DLL
 0004:0000081c       __imp_?OnOpenDocument@CDocument@@UAEHPBD@Z 0040781c     mfc42d:MFC42D.DLL
 0004:00000820       __imp_?DeleteContents@CDocument@@UAEXXZ 00407820     mfc42d:MFC42D.DLL
 0004:00000824       __imp_?OnFilePrintPreview@CView@@IAEXXZ 00407824     mfc42d:MFC42D.DLL
 0004:00000828       __imp_?AfxGetModuleState@@YGPAVAFX_MODULE_STATE@@XZ 00407828     mfc42d:MFC42D.DLL
 0004:0000082c       __imp_?AfxWinMain@@YGHPAUHINSTANCE__@@0PADH@Z 0040782c     mfc42d:MFC42D.DLL
 0004:00000830       \177MFC42D_NULL_THUNK_DATA 00407830     mfc42d:MFC42D.DLL
 0004:00000834       __imp_?AfxEnableControlContainer@@YAXPAVCOccManager@@@Z 00407834     mfco42d:MFCO42D.DLL
 0004:00000838       \177MFCO42D_NULL_THUNK_DATA 00407838     mfco42d:MFCO42D.DLL
 0004:0000083c       __imp_??0?$basic_string@DU?$char_traits@D@std@@V?$allocator@D@2@@std@@QAE@PBDABV?$allocator@D@1@@Z 0040783c     msvcprtd:MSVCP60D.dll
 0004:00000840       __imp_??0?$basic_string@DU?$char_traits@D@std@@V?$allocator@D@2@@std@@QAE@ABV01@@Z 00407840     msvcprtd:MSVCP60D.dll
 0004:00000844       __imp_??4?$basic_string@DU?$char_traits@D@std@@V?$allocator@D@2@@std@@QAEAAV01@ABV01@@Z 00407844     msvcprtd:MSVCP60D.dll
 0004:00000848       __imp_??1?$basic_string@DU?$char_traits@D@std@@V?$allocator@D@2@@std@@QAE@XZ 00407848     msvcprtd:MSVCP60D.dll
 0004:0000084c       __imp_??0?$basic_string@DU?$char_traits@D@std@@V?$allocator@D@2@@std@@QAE@ABV?$allocator@D@1@@Z 0040784c     msvcprtd:MSVCP60D.dll
 0004:00000850       __imp_?c_str@?$basic_string@DU?$char_traits@D@std@@V?$allocator@D@2@@std@@QBEPBDXZ 00407850     msvcprtd:MSVCP60D.dll
 0004:00000854       __imp_?append@?$basic_string@DU?$char_traits@D@std@@V?$allocator@D@2@@std@@QAEAAV12@ABV12@@Z 00407854     msvcprtd:MSVCP60D.dll
 0004:00000858       \177MSVCP60D_NULL_THUNK_DATA 00407858     msvcprtd:MSVCP60D.dll
 0004:0000085c       __imp___except_handler3    0040785c     msvcrtd:MSVCRTD.dll
 0004:00000860       __imp____p__fmode          00407860     msvcrtd:MSVCRTD.dll
 0004:00000864       __imp____p__commode        00407864     msvcrtd:MSVCRTD.dll
 0004:00000868       __imp____set_app_type      00407868     msvcrtd:MSVCRTD.dll
 0004:0000086c       __imp____CxxFrameHandler   0040786c     msvcrtd:MSVCRTD.dll
 0004:00000870       __imp___chkesp             00407870     msvcrtd:MSVCRTD.dll
 0004:00000874       __imp___XcptFilter         00407874     msvcrtd:MSVCRTD.dll
 0004:00000878       __imp___exit               00407878     msvcrtd:MSVCRTD.dll
 0004:0000087c       __imp___initterm           0040787c     msvcrtd:MSVCRTD.dll
 0004:00000880       __imp___adjust_fdiv        00407880     msvcrtd:MSVCRTD.dll
 0004:00000884       __imp____setusermatherr    00407884     msvcrtd:MSVCRTD.dll
 0004:00000888       __imp___acmdln             00407888     msvcrtd:MSVCRTD.dll
 0004:0000088c       __imp____getmainargs       0040788c     msvcrtd:MSVCRTD.dll
 0004:00000890       __imp__exit                00407890     msvcrtd:MSVCRTD.dll
 0004:00000894       __imp___controlfp          00407894     msvcrtd:MSVCRTD.dll
 0004:00000898       __imp___setmbcp            00407898     msvcrtd:MSVCRTD.dll
 0004:0000089c       __imp___onexit             0040789c     msvcrtd:MSVCRTD.dll
 0004:000008a0       __imp____dllonexit         004078a0     msvcrtd:MSVCRTD.dll
 0004:000008a4       \177MSVCRTD_NULL_THUNK_DATA 004078a4     msvcrtd:MSVCRTD.dll

 entry point at        0001:00003770

 Static symbols

 0001:00000140       _$E235                     00401140 f   InputControlTest.obj
 0001:00000180       _$E232                     00401180 f   InputControlTest.obj
 0001:000001c0       _$E234                     004011c0 f   InputControlTest.obj
 0001:00000200       _$E233                     00401200 f   InputControlTest.obj
 0001:00003ab0       _$E373                     00404ab0 f   mfcs42d:appmodul.obj
 0001:00003ac0       _$E372                     00404ac0 f   mfcs42d:appmodul.obj

FIXUPS: 4a34 14 21 4b 17 fffffed3 fffffe48 1c f 3b d3 24 fffffdfb 1a ffffcb2e
FIXUPS: 1293 a 17 2c 2b 8 13 c 1a 12 b 16 1d 3769 9 b ffffc8bc 19 33 13
FIXUPS: 1444 2d d 37 d aa f f 1a 3580 b ffffcbf2 19 37 13 10 36 d 2a 1a
FIXUPS: 1851 d 33 d 37 d fffff7a1 19 35 13 10 2d d 2b 5 d 33 d 33 10 30
FIXUPS: 122b 50 af7 1e 43 f 11 10 1c a 1d a 14 f 17 2d1a b ffffd324 f 11
FIXUPS: 1f03 a 1d a 19 12 1a 2c4b b ffffca18 18 33 351a b ffffef3d 13 ffffde80
FIXUPS: 193f 33 31fa b ffffceea 19 37 13 10 36 d 2e d 44 1c 5 f 11 f 17
FIXUPS: 4b84 b ffffd0a6 d 8f d 37 d 37 1849 10 53 12 5c f 32 10 32 10 3d
FIXUPS: 3752 48 12 3d d 37 10 47 1f 30 1576 e ffffeb1a 1c 10 69 23 2a 141e
FIXUPS: 4e7c ffffec05 fffff650 15 2f 9 d 36 10 90 24 8 15 46 f 3b 10 7c
FIXUPS: 336b 13 14 1a 17 1f 16 26 19 59 2a 14 44 1f 1c 24 fffff884 1f 1eb1
FIXUPS: 4cdb 13 13 13 13 13 13 16 16 16 16 16 16 16 16 16 16 b ffffe042
FIXUPS: 2e7d 16 d 66 7 16 d cf 24 2b fffff871 3c 18 26 3f 18 26 3f 18 26
FIXUPS: 2a72 18 26 3f 18 26 3f 18 26 3f 18 26 3f 18 26 3f 18 26 3f 18 26
FIXUPS: 2ddd fffff6c2 16 31 b 2b 19 17 2712 13 1a 16 b ffffd907 1b 4b 39
FIXUPS: 266a 20 39 18 20 39 18 20 39 18 20 39 18 20 39 18 fffff7e8 6c 12
FIXUPS: 211c 2aeb b ffffd55a 26 7a c 26 18 2c 10 19 28 24 38 7 11 9 19
FIXUPS: 2381 1f 2895 9 b ffffd78f b 13 56 2b 18c5 12 f 17 1160 f b ffffeeb7
FIXUPS: 3dc7 37 17 13 27 19 13 1b d 15 f 3e 1a 32 d 37 d ffffe02b 20 48
FIXUPS: 4be7 b ffffd46f 13 1f8a 1d 2f 19 16 19 1a e62 13 16 16 b fffff1bb
FIXUPS: 412f 17 e2b b ffffeb7e 18 33 1347 b ffffedaf 15 12 2a 120d f b
FIXUPS: 3cc1 13 10
