F:\suddy\vc\db\inifile.cpp|F:\suddy\vc\db\Restore.1\~inifile.~cpp
F:\suddy\vc\db\dbView.h|F:\suddy\vc\db\Restore.1\~dbView.~h
F:\suddy\vc\db\inifile.h|F:\suddy\vc\db\Restore.1\~inifile.~h
F:\suddy\vc\db\MainFrm.h|F:\suddy\vc\db\Restore.1\~MainFrm.~h
F:\suddy\vc\db\FindToolBar.cpp|F:\suddy\vc\db\Restore.1\~FindToolBar.~cpp
F:\suddy\vc\db\db.h|F:\suddy\vc\db\Restore.1\~db.~h
F:\suddy\vc\db\mysql.cpp|F:\suddy\vc\db\Restore.1\~mysql.~cpp
F:\suddy\vc\db\FindResultView.cpp|F:\suddy\vc\db\Restore.1\~FindResultView.~cpp
F:\suddy\vc\db\SYSTEMTRAY.H|F:\suddy\vc\db\Restore.1\~SYSTEMTRAY.~H
F:\suddy\vc\db\TeraPicoRegKey.h|F:\suddy\vc\db\Restore.1\~TeraPicoRegKey.~h
F:\suddy\vc\db\db.cpp|F:\suddy\vc\db\Restore.1\~db.~cpp
F:\suddy\vc\db\texttospeech.h|F:\suddy\vc\db\Restore.1\~texttospeech.~h
F:\suddy\vc\db\ChildFrm.cpp|F:\suddy\vc\db\Restore.1\~ChildFrm.~cpp
F:\suddy\vc\db\dbView.cpp|F:\suddy\vc\db\Restore.1\~dbView.~cpp
F:\suddy\vc\db\CCButton.h|F:\suddy\vc\db\Restore.1\~CCButton.~h
F:\suddy\vc\db\CCControlBar.h|F:\suddy\vc\db\Restore.1\~CCControlBar.~h
F:\suddy\vc\db\ChildFrm.h|F:\suddy\vc\db\Restore.1\~ChildFrm.~h
F:\suddy\vc\db\FindResultView.h|F:\suddy\vc\db\Restore.1\~FindResultView.~h
F:\suddy\vc\db\texttospeech.cpp|F:\suddy\vc\db\Restore.1\~texttospeech.~cpp
F:\suddy\vc\db\CCTabCtrlBar.h|F:\suddy\vc\db\Restore.1\~CCTabCtrlBar.~h
F:\suddy\vc\db\dbDoc.h|F:\suddy\vc\db\Restore.1\~dbDoc.~h
F:\suddy\vc\db\look.cpp|F:\suddy\vc\db\Restore.1\~look.~cpp
F:\suddy\vc\db\CCControlBar.cpp|F:\suddy\vc\db\Restore.1\~CCControlBar.~cpp
F:\suddy\vc\db\CCButton.cpp|F:\suddy\vc\db\Restore.1\~CCButton.~cpp
F:\suddy\vc\db\fm.h|F:\suddy\vc\db\Restore.1\~fm.~h
F:\suddy\vc\db\look.h|F:\suddy\vc\db\Restore.1\~look.~h
F:\suddy\vc\db\SYSTEMTRAY.CPP|F:\suddy\vc\db\Restore.1\~SYSTEMTRAY.~CPP
F:\suddy\vc\db\MainFrm.cpp|F:\suddy\vc\db\Restore.1\~MainFrm.~cpp
F:\suddy\vc\db\fm.cpp|F:\suddy\vc\db\Restore.1\~fm.~cpp
F:\suddy\vc\db\dbDoc.cpp|F:\suddy\vc\db\Restore.1\~dbDoc.~cpp
F:\suddy\vc\db\CCTabctrlBar.cpp|F:\suddy\vc\db\Restore.1\~CCTabctrlBar.~cpp
F:\suddy\vc\db\TeraPicoRegKey.cpp|F:\suddy\vc\db\Restore.1\~TeraPicoRegKey.~cpp
F:\suddy\vc\db\mysql.h|F:\suddy\vc\db\Restore.1\~mysql.~h
F:\suddy\vc\db\FindToolBar.h|F:\suddy\vc\db\Restore.1\~FindToolBar.~h
